Sep 20 16:30:48 optipulse-apps rsyslogd: [origin software="rsyslogd" swVersion="8.16.0" x-pid="1283" x-info="http://www.rsyslog.com"] start
Sep 20 16:30:48 optipulse-apps rsyslogd-2222: command 'KLogPermitNonKernelFacility' is currently not permitted - did you already set it via a RainerScript command (v6+ config)? [v8.16.0 try http://www.rsyslog.com/e/2222 ]
Sep 20 16:30:48 optipulse-apps rsyslogd: rsyslogd's groupid changed to 108
Sep 20 16:30:48 optipulse-apps rsyslogd: rsyslogd's userid changed to 104
Sep 20 16:30:48 optipulse-apps rsyslogd-2039: Could not open output pipe '/dev/xconsole':: No such file or directory [v8.16.0 try http://www.rsyslog.com/e/2039 ]
Sep 20 16:30:48 optipulse-apps rsyslogd-2007: action 'action 11' suspended, next retry is Wed Sep 20 16:31:18 2017 [v8.16.0 try http://www.rsyslog.com/e/2007 ]
Sep 20 16:30:48 optipulse-apps kernel: [    0.000000] Initializing cgroup subsys cpuset
Sep 20 16:30:48 optipulse-apps kernel: [    0.000000] Initializing cgroup subsys cpu
Sep 20 16:30:48 optipulse-apps kernel: [    0.000000] Initializing cgroup subsys cpuacct
Sep 20 16:30:48 optipulse-apps kernel: [    0.000000] Linux version 4.4.0-93-generic (buildd@lgw01-03) (gcc version 5.4.0 20160609 (Ubuntu 5.4.0-6ubuntu1~16.04.4) ) #116-Ubuntu SMP Fri Aug 11 21:17:51 UTC 2017 (Ubuntu 4.4.0-93.116-generic 4.4.79)
Sep 20 16:30:48 optipulse-apps kernel: [    0.000000] Command line: BOOT_IMAGE=/boot/vmlinuz-4.4.0-93-generic root=LABEL=cloudimg-rootfs ro console=tty1 console=ttyS0
Sep 20 16:30:48 optipulse-apps kernel: [    0.000000] KERNEL supported cpus:
Sep 20 16:30:48 optipulse-apps kernel: [    0.000000]   Intel GenuineIntel
Sep 20 16:30:48 optipulse-apps kernel: [    0.000000]   AMD AuthenticAMD
Sep 20 16:30:48 optipulse-apps kernel: [    0.000000]   Centaur CentaurHauls
Sep 20 16:30:48 optipulse-apps kernel: [    0.000000] x86/fpu: xstate_offset[2]:  576, xstate_sizes[2]:  256
Sep 20 16:30:48 optipulse-apps kernel: [    0.000000] x86/fpu: Supporting XSAVE feature 0x01: 'x87 floating point registers'
Sep 20 16:30:48 optipulse-apps kernel: [    0.000000] x86/fpu: Supporting XSAVE feature 0x02: 'SSE registers'
Sep 20 16:30:48 optipulse-apps kernel: [    0.000000] x86/fpu: Supporting XSAVE feature 0x04: 'AVX registers'
Sep 20 16:30:48 optipulse-apps kernel: [    0.000000] x86/fpu: Enabled xstate features 0x7, context size is 832 bytes, using 'standard' format.
Sep 20 16:30:48 optipulse-apps kernel: [    0.000000] x86/fpu: Using 'eager' FPU context switches.
Sep 20 16:30:48 optipulse-apps kernel: [    0.000000] e820: BIOS-provided physical RAM map:
Sep 20 16:30:48 optipulse-apps kernel: [    0.000000] BIOS-e820: [mem 0x0000000000000000-0x000000000009fbff] usable
Sep 20 16:30:48 optipulse-apps kernel: [    0.000000] BIOS-e820: [mem 0x000000000009fc00-0x000000000009ffff] reserved
Sep 20 16:30:48 optipulse-apps kernel: [    0.000000] BIOS-e820: [mem 0x00000000000f0000-0x00000000000fffff] reserved
Sep 20 16:30:48 optipulse-apps kernel: [    0.000000] BIOS-e820: [mem 0x0000000000100000-0x000000001fffafff] usable
Sep 20 16:30:48 optipulse-apps kernel: [    0.000000] BIOS-e820: [mem 0x000000001fffb000-0x000000001fffffff] reserved
Sep 20 16:30:48 optipulse-apps kernel: [    0.000000] BIOS-e820: [mem 0x00000000feffc000-0x00000000feffffff] reserved
Sep 20 16:30:48 optipulse-apps kernel: [    0.000000] BIOS-e820: [mem 0x00000000fffc0000-0x00000000ffffffff] reserved
Sep 20 16:30:48 optipulse-apps kernel: [    0.000000] NX (Execute Disable) protection: active
Sep 20 16:30:48 optipulse-apps kernel: [    0.000000] SMBIOS 2.4 present.
Sep 20 16:30:48 optipulse-apps kernel: [    0.000000] DMI: DigitalOcean Droplet, BIOS 20161103 11/03/2016
Sep 20 16:30:48 optipulse-apps kernel: [    0.000000] Hypervisor detected: KVM
Sep 20 16:30:48 optipulse-apps kernel: [    0.000000] e820: update [mem 0x00000000-0x00000fff] usable ==> reserved
Sep 20 16:30:48 optipulse-apps kernel: [    0.000000] e820: remove [mem 0x000a0000-0x000fffff] usable
Sep 20 16:30:48 optipulse-apps kernel: [    0.000000] e820: last_pfn = 0x1fffb max_arch_pfn = 0x400000000
Sep 20 16:30:48 optipulse-apps kernel: [    0.000000] MTRR default type: write-back
Sep 20 16:30:48 optipulse-apps kernel: [    0.000000] MTRR fixed ranges enabled:
Sep 20 16:30:48 optipulse-apps kernel: [    0.000000]   00000-9FFFF write-back
Sep 20 16:30:48 optipulse-apps kernel: [    0.000000]   A0000-BFFFF uncachable
Sep 20 16:30:48 optipulse-apps kernel: [    0.000000]   C0000-FFFFF write-protect
Sep 20 16:30:48 optipulse-apps kernel: [    0.000000] MTRR variable ranges enabled:
Sep 20 16:30:48 optipulse-apps kernel: [    0.000000]   0 base 0080000000 mask FF80000000 uncachable
Sep 20 16:30:48 optipulse-apps kernel: [    0.000000]   1 disabled
Sep 20 16:30:48 optipulse-apps kernel: [    0.000000]   2 disabled
Sep 20 16:30:48 optipulse-apps kernel: [    0.000000]   3 disabled
Sep 20 16:30:48 optipulse-apps kernel: [    0.000000]   4 disabled
Sep 20 16:30:48 optipulse-apps kernel: [    0.000000]   5 disabled
Sep 20 16:30:48 optipulse-apps kernel: [    0.000000]   6 disabled
Sep 20 16:30:48 optipulse-apps kernel: [    0.000000]   7 disabled
Sep 20 16:30:48 optipulse-apps kernel: [    0.000000] x86/PAT: Configuration [0-7]: WB  WC  UC- UC  WB  WC  UC- WT  
Sep 20 16:30:48 optipulse-apps kernel: [    0.000000] found SMP MP-table at [mem 0x000f1280-0x000f128f] mapped at [ffff8800000f1280]
Sep 20 16:30:48 optipulse-apps kernel: [    0.000000] Scanning 1 areas for low memory corruption
Sep 20 16:30:48 optipulse-apps kernel: [    0.000000] Base memory trampoline at [ffff880000099000] 99000 size 24576
Sep 20 16:30:48 optipulse-apps kernel: [    0.000000] Using GB pages for direct mapping
Sep 20 16:30:48 optipulse-apps kernel: [    0.000000] BRK [0x0220d000, 0x0220dfff] PGTABLE
Sep 20 16:30:48 optipulse-apps kernel: [    0.000000] BRK [0x0220e000, 0x0220efff] PGTABLE
Sep 20 16:30:48 optipulse-apps kernel: [    0.000000] BRK [0x0220f000, 0x0220ffff] PGTABLE
Sep 20 16:30:48 optipulse-apps kernel: [    0.000000] BRK [0x02210000, 0x02210fff] PGTABLE
Sep 20 16:30:48 optipulse-apps kernel: [    0.000000] RAMDISK: [mem 0x1ed3e000-0x1f7d3fff]
Sep 20 16:30:48 optipulse-apps kernel: [    0.000000] ACPI: Early table checksum verification disabled
Sep 20 16:30:48 optipulse-apps kernel: [    0.000000] ACPI: RSDP 0x00000000000F10F0 000014 (v00 BOCHS )
Sep 20 16:30:48 optipulse-apps kernel: [    0.000000] ACPI: RSDT 0x000000001FFFE470 000034 (v01 BOCHS  BXPCRSDT 00000001 BXPC 00000001)
Sep 20 16:30:48 optipulse-apps kernel: [    0.000000] ACPI: FACP 0x000000001FFFFF80 000074 (v01 BOCHS  BXPCFACP 00000001 BXPC 00000001)
Sep 20 16:30:48 optipulse-apps kernel: [    0.000000] ACPI: DSDT 0x000000001FFFE4B0 001135 (v01 BOCHS  BXPCDSDT 00000001 BXPC 00000001)
Sep 20 16:30:48 optipulse-apps kernel: [    0.000000] ACPI: FACS 0x000000001FFFFF40 000040
Sep 20 16:30:48 optipulse-apps kernel: [    0.000000] ACPI: SSDT 0x000000001FFFF720 000819 (v01 BOCHS  BXPCSSDT 00000001 BXPC 00000001)
Sep 20 16:30:48 optipulse-apps kernel: [    0.000000] ACPI: APIC 0x000000001FFFF630 000078 (v01 BOCHS  BXPCAPIC 00000001 BXPC 00000001)
Sep 20 16:30:48 optipulse-apps kernel: [    0.000000] ACPI: HPET 0x000000001FFFF5F0 000038 (v01 BOCHS  BXPCHPET 00000001 BXPC 00000001)
Sep 20 16:30:48 optipulse-apps kernel: [    0.000000] ACPI: Local APIC address 0xfee00000
Sep 20 16:30:48 optipulse-apps kernel: [    0.000000] No NUMA configuration found
Sep 20 16:30:48 optipulse-apps kernel: [    0.000000] Faking a node at [mem 0x0000000000000000-0x000000001fffafff]
Sep 20 16:30:48 optipulse-apps kernel: [    0.000000] NODE_DATA(0) allocated [mem 0x1fff6000-0x1fffafff]
Sep 20 16:30:48 optipulse-apps kernel: [    0.000000] kvm-clock: Using msrs 4b564d01 and 4b564d00
Sep 20 16:30:48 optipulse-apps kernel: [    0.000000] kvm-clock: cpu 0, msr 0:1ffee001, primary cpu clock
Sep 20 16:30:48 optipulse-apps kernel: [    0.000000] clocksource: kvm-clock: mask: 0xffffffffffffffff max_cycles: 0x1cd42e4dffb, max_idle_ns: 881590591483 ns
Sep 20 16:30:48 optipulse-apps kernel: [    0.000000] Zone ranges:
Sep 20 16:30:48 optipulse-apps kernel: [    0.000000]   DMA      [mem 0x0000000000001000-0x0000000000ffffff]
Sep 20 16:30:48 optipulse-apps kernel: [    0.000000]   DMA32    [mem 0x0000000001000000-0x000000001fffafff]
Sep 20 16:30:48 optipulse-apps kernel: [    0.000000]   Normal   empty
Sep 20 16:30:48 optipulse-apps kernel: [    0.000000]   Device   empty
Sep 20 16:30:48 optipulse-apps kernel: [    0.000000] Movable zone start for each node
Sep 20 16:30:48 optipulse-apps kernel: [    0.000000] Early memory node ranges
Sep 20 16:30:48 optipulse-apps kernel: [    0.000000]   node   0: [mem 0x0000000000001000-0x000000000009efff]
Sep 20 16:30:48 optipulse-apps kernel: [    0.000000]   node   0: [mem 0x0000000000100000-0x000000001fffafff]
Sep 20 16:30:48 optipulse-apps kernel: [    0.000000] Initmem setup node 0 [mem 0x0000000000001000-0x000000001fffafff]
Sep 20 16:30:48 optipulse-apps kernel: [    0.000000] On node 0 totalpages: 130969
Sep 20 16:30:48 optipulse-apps kernel: [    0.000000]   DMA zone: 64 pages used for memmap
Sep 20 16:30:48 optipulse-apps kernel: [    0.000000]   DMA zone: 21 pages reserved
Sep 20 16:30:48 optipulse-apps kernel: [    0.000000]   DMA zone: 3998 pages, LIFO batch:0
Sep 20 16:30:48 optipulse-apps kernel: [    0.000000]   DMA32 zone: 1984 pages used for memmap
Sep 20 16:30:48 optipulse-apps kernel: [    0.000000]   DMA32 zone: 126971 pages, LIFO batch:31
Sep 20 16:30:48 optipulse-apps kernel: [    0.000000] ACPI: PM-Timer IO Port: 0xb008
Sep 20 16:30:48 optipulse-apps kernel: [    0.000000] ACPI: Local APIC address 0xfee00000
Sep 20 16:30:48 optipulse-apps kernel: [    0.000000] ACPI: LAPIC_NMI (acpi_id[0xff] dfl dfl lint[0x1])
Sep 20 16:30:48 optipulse-apps kernel: [    0.000000] IOAPIC[0]: apic_id 0, version 17, address 0xfec00000, GSI 0-23
Sep 20 16:30:48 optipulse-apps kernel: [    0.000000] ACPI: INT_SRC_OVR (bus 0 bus_irq 0 global_irq 2 dfl dfl)
Sep 20 16:30:48 optipulse-apps kernel: [    0.000000] ACPI: INT_SRC_OVR (bus 0 bus_irq 5 global_irq 5 high level)
Sep 20 16:30:48 optipulse-apps kernel: [    0.000000] ACPI: INT_SRC_OVR (bus 0 bus_irq 9 global_irq 9 high level)
Sep 20 16:30:48 optipulse-apps kernel: [    0.000000] ACPI: INT_SRC_OVR (bus 0 bus_irq 10 global_irq 10 high level)
Sep 20 16:30:48 optipulse-apps kernel: [    0.000000] ACPI: INT_SRC_OVR (bus 0 bus_irq 11 global_irq 11 high level)
Sep 20 16:30:48 optipulse-apps kernel: [    0.000000] ACPI: IRQ0 used by override.
Sep 20 16:30:48 optipulse-apps kernel: [    0.000000] ACPI: IRQ5 used by override.
Sep 20 16:30:48 optipulse-apps kernel: [    0.000000] ACPI: IRQ9 used by override.
Sep 20 16:30:48 optipulse-apps kernel: [    0.000000] ACPI: IRQ10 used by override.
Sep 20 16:30:48 optipulse-apps kernel: [    0.000000] ACPI: IRQ11 used by override.
Sep 20 16:30:48 optipulse-apps kernel: [    0.000000] Using ACPI (MADT) for SMP configuration information
Sep 20 16:30:48 optipulse-apps kernel: [    0.000000] ACPI: HPET id: 0x8086a201 base: 0xfed00000
Sep 20 16:30:48 optipulse-apps kernel: [    0.000000] smpboot: Allowing 1 CPUs, 0 hotplug CPUs
Sep 20 16:30:48 optipulse-apps kernel: [    0.000000] PM: Registered nosave memory: [mem 0x00000000-0x00000fff]
Sep 20 16:30:48 optipulse-apps kernel: [    0.000000] PM: Registered nosave memory: [mem 0x0009f000-0x0009ffff]
Sep 20 16:30:48 optipulse-apps kernel: [    0.000000] PM: Registered nosave memory: [mem 0x000a0000-0x000effff]
Sep 20 16:30:48 optipulse-apps kernel: [    0.000000] PM: Registered nosave memory: [mem 0x000f0000-0x000fffff]
Sep 20 16:30:48 optipulse-apps kernel: [    0.000000] e820: [mem 0x20000000-0xfeffbfff] available for PCI devices
Sep 20 16:30:48 optipulse-apps kernel: [    0.000000] Booting paravirtualized kernel on KVM
Sep 20 16:30:48 optipulse-apps kernel: [    0.000000] clocksource: refined-jiffies: mask: 0xffffffff max_cycles: 0xffffffff, max_idle_ns: 7645519600211568 ns
Sep 20 16:30:48 optipulse-apps kernel: [    0.000000] setup_percpu: NR_CPUS:512 nr_cpumask_bits:512 nr_cpu_ids:1 nr_node_ids:1
Sep 20 16:30:48 optipulse-apps kernel: [    0.000000] PERCPU: Embedded 34 pages/cpu @ffff88001fc00000 s98328 r8192 d32744 u2097152
Sep 20 16:30:48 optipulse-apps kernel: [    0.000000] pcpu-alloc: s98328 r8192 d32744 u2097152 alloc=1*2097152
Sep 20 16:30:48 optipulse-apps kernel: [    0.000000] pcpu-alloc: [0] 0 
Sep 20 16:30:48 optipulse-apps kernel: [    0.000000] KVM setup async PF for cpu 0
Sep 20 16:30:48 optipulse-apps kernel: [    0.000000] kvm-stealtime: cpu 0, msr 1fc0d9c0
Sep 20 16:30:48 optipulse-apps kernel: [    0.000000] PV qspinlock hash table entries: 256 (order: 0, 4096 bytes)
Sep 20 16:30:48 optipulse-apps kernel: [    0.000000] Built 1 zonelists in Node order, mobility grouping on.  Total pages: 128900
Sep 20 16:30:48 optipulse-apps kernel: [    0.000000] Policy zone: DMA32
Sep 20 16:30:48 optipulse-apps kernel: [    0.000000] Kernel command line: BOOT_IMAGE=/boot/vmlinuz-4.4.0-93-generic root=LABEL=cloudimg-rootfs ro console=tty1 console=ttyS0
Sep 20 16:30:48 optipulse-apps kernel: [    0.000000] PID hash table entries: 2048 (order: 2, 16384 bytes)
Sep 20 16:30:48 optipulse-apps kernel: [    0.000000] Calgary: detecting Calgary via BIOS EBDA area
Sep 20 16:30:48 optipulse-apps kernel: [    0.000000] Calgary: Unable to locate Rio Grande table in EBDA - bailing!
Sep 20 16:30:48 optipulse-apps kernel: [    0.000000] Memory: 485824K/523876K available (8479K kernel code, 1294K rwdata, 3984K rodata, 1492K init, 1316K bss, 38052K reserved, 0K cma-reserved)
Sep 20 16:30:48 optipulse-apps kernel: [    0.000000] SLUB: HWalign=64, Order=0-3, MinObjects=0, CPUs=1, Nodes=1
Sep 20 16:30:48 optipulse-apps kernel: [    0.000000] Hierarchical RCU implementation.
Sep 20 16:30:48 optipulse-apps kernel: [    0.000000] 	Build-time adjustment of leaf fanout to 64.
Sep 20 16:30:48 optipulse-apps kernel: [    0.000000] 	RCU restricting CPUs from NR_CPUS=512 to nr_cpu_ids=1.
Sep 20 16:30:48 optipulse-apps kernel: [    0.000000] RCU: Adjusting geometry for rcu_fanout_leaf=64, nr_cpu_ids=1
Sep 20 16:30:48 optipulse-apps kernel: [    0.000000] NR_IRQS:33024 nr_irqs:256 16
Sep 20 16:30:48 optipulse-apps kernel: [    0.000000] Console: colour VGA+ 80x25
Sep 20 16:30:48 optipulse-apps kernel: [    0.000000] console [tty1] enabled
Sep 20 16:30:48 optipulse-apps kernel: [    0.000000] console [ttyS0] enabled
Sep 20 16:30:48 optipulse-apps kernel: [    0.000000] clocksource: hpet: mask: 0xffffffff max_cycles: 0xffffffff, max_idle_ns: 19112604467 ns
Sep 20 16:30:48 optipulse-apps kernel: [    0.000000] hpet clockevent registered
Sep 20 16:30:48 optipulse-apps kernel: [    0.000000] tsc: Detected 1799.998 MHz processor
Sep 20 16:30:48 optipulse-apps kernel: [    0.008000] Calibrating delay loop (skipped) preset value.. 3599.99 BogoMIPS (lpj=7199992)
Sep 20 16:30:48 optipulse-apps kernel: [    0.008000] pid_max: default: 32768 minimum: 301
Sep 20 16:30:48 optipulse-apps kernel: [    0.008023] ACPI: Core revision 20150930
Sep 20 16:30:48 optipulse-apps kernel: [    0.013436] ACPI: 2 ACPI AML tables successfully acquired and loaded
Sep 20 16:30:48 optipulse-apps kernel: [    0.016350] Security Framework initialized
Sep 20 16:30:48 optipulse-apps kernel: [    0.017381] Yama: becoming mindful.
Sep 20 16:30:48 optipulse-apps kernel: [    0.018304] AppArmor: AppArmor initialized
Sep 20 16:30:48 optipulse-apps kernel: [    0.019365] Dentry cache hash table entries: 65536 (order: 7, 524288 bytes)
Sep 20 16:30:48 optipulse-apps kernel: [    0.020122] Inode-cache hash table entries: 32768 (order: 6, 262144 bytes)
Sep 20 16:30:48 optipulse-apps kernel: [    0.021617] Mount-cache hash table entries: 1024 (order: 1, 8192 bytes)
Sep 20 16:30:48 optipulse-apps kernel: [    0.024010] Mountpoint-cache hash table entries: 1024 (order: 1, 8192 bytes)
Sep 20 16:30:48 optipulse-apps kernel: [    0.025918] Initializing cgroup subsys io
Sep 20 16:30:48 optipulse-apps kernel: [    0.026849] Initializing cgroup subsys memory
Sep 20 16:30:48 optipulse-apps kernel: [    0.028031] Initializing cgroup subsys devices
Sep 20 16:30:48 optipulse-apps kernel: [    0.029134] Initializing cgroup subsys freezer
Sep 20 16:30:48 optipulse-apps kernel: [    0.030224] Initializing cgroup subsys net_cls
Sep 20 16:30:48 optipulse-apps kernel: [    0.031385] Initializing cgroup subsys perf_event
Sep 20 16:30:48 optipulse-apps kernel: [    0.032000] Initializing cgroup subsys net_prio
Sep 20 16:30:48 optipulse-apps kernel: [    0.032015] Initializing cgroup subsys hugetlb
Sep 20 16:30:48 optipulse-apps kernel: [    0.032972] Initializing cgroup subsys pids
Sep 20 16:30:48 optipulse-apps kernel: [    0.036790] mce: CPU supports 10 MCE banks
Sep 20 16:30:48 optipulse-apps kernel: [    0.038163] Last level iTLB entries: 4KB 1024, 2MB 1024, 4MB 1024
Sep 20 16:30:48 optipulse-apps kernel: [    0.039749] Last level dTLB entries: 4KB 1024, 2MB 1024, 4MB 1024, 1GB 4
Sep 20 16:30:48 optipulse-apps kernel: [    0.057725] Freeing SMP alternatives memory: 32K (ffffffff820ba000 - ffffffff820c2000)
Sep 20 16:30:48 optipulse-apps kernel: [    0.071796] ftrace: allocating 32136 entries in 126 pages
Sep 20 16:30:48 optipulse-apps kernel: [    0.084121] smpboot: APIC(0) Converting physical 0 to logical package 0
Sep 20 16:30:48 optipulse-apps kernel: [    0.088019] smpboot: Max logical packages: 1
Sep 20 16:30:48 optipulse-apps kernel: [    0.089172] x2apic enabled
Sep 20 16:30:48 optipulse-apps kernel: [    0.090091] Switched APIC routing to physical x2apic.
Sep 20 16:30:48 optipulse-apps kernel: [    0.092488] ..TIMER: vector=0x30 apic1=0 pin1=2 apic2=-1 pin2=-1
Sep 20 16:30:48 optipulse-apps kernel: [    0.094002] TSC deadline timer enabled
Sep 20 16:30:48 optipulse-apps kernel: [    0.094017] smpboot: CPU0: Intel(R) Xeon(R) CPU E5-2650L v3 @ 1.80GHz (family: 0x6, model: 0x3f, stepping: 0x2)
Sep 20 16:30:48 optipulse-apps kernel: [    0.096000] Performance Events: 16-deep LBR, Haswell events, Intel PMU driver.
Sep 20 16:30:48 optipulse-apps kernel: [    0.112822] ... version:                2
Sep 20 16:30:48 optipulse-apps kernel: [    0.113843] ... bit width:              48
Sep 20 16:30:48 optipulse-apps kernel: [    0.114798] ... generic registers:      4
Sep 20 16:30:48 optipulse-apps kernel: [    0.115713] ... value mask:             0000ffffffffffff
Sep 20 16:30:48 optipulse-apps kernel: [    0.116009] ... max period:             000000007fffffff
Sep 20 16:30:48 optipulse-apps kernel: [    0.117064] ... fixed-purpose events:   3
Sep 20 16:30:48 optipulse-apps kernel: [    0.117937] ... event mask:             000000070000000f
Sep 20 16:30:48 optipulse-apps kernel: [    0.119769] KVM setup paravirtual spinlock
Sep 20 16:30:48 optipulse-apps kernel: [    0.121201] x86: Booted up 1 node, 1 CPUs
Sep 20 16:30:48 optipulse-apps kernel: [    0.122308] smpboot: Total of 1 processors activated (3599.99 BogoMIPS)
Sep 20 16:30:48 optipulse-apps kernel: [    0.124915] devtmpfs: initialized
Sep 20 16:30:48 optipulse-apps kernel: [    0.127945] evm: security.selinux
Sep 20 16:30:48 optipulse-apps kernel: [    0.128021] evm: security.SMACK64
Sep 20 16:30:48 optipulse-apps kernel: [    0.129077] evm: security.SMACK64EXEC
Sep 20 16:30:48 optipulse-apps kernel: [    0.130261] evm: security.SMACK64TRANSMUTE
Sep 20 16:30:48 optipulse-apps kernel: [    0.131630] evm: security.SMACK64MMAP
Sep 20 16:30:48 optipulse-apps kernel: [    0.132011] evm: security.ima
Sep 20 16:30:48 optipulse-apps kernel: [    0.132689] evm: security.capability
Sep 20 16:30:48 optipulse-apps kernel: [    0.133677] clocksource: jiffies: mask: 0xffffffff max_cycles: 0xffffffff, max_idle_ns: 7645041785100000 ns
Sep 20 16:30:48 optipulse-apps kernel: [    0.135849] futex hash table entries: 256 (order: 2, 16384 bytes)
Sep 20 16:30:48 optipulse-apps kernel: [    0.136145] pinctrl core: initialized pinctrl subsystem
Sep 20 16:30:48 optipulse-apps kernel: [    0.137772] RTC time: 16:30:36, date: 09/20/17
Sep 20 16:30:48 optipulse-apps kernel: [    0.138915] NET: Registered protocol family 16
Sep 20 16:30:48 optipulse-apps kernel: [    0.140166] cpuidle: using governor ladder
Sep 20 16:30:48 optipulse-apps kernel: [    0.141090] cpuidle: using governor menu
Sep 20 16:30:48 optipulse-apps kernel: [    0.142111] PCCT header not found.
Sep 20 16:30:48 optipulse-apps kernel: [    0.143121] ACPI: bus type PCI registered
Sep 20 16:30:48 optipulse-apps kernel: [    0.144014] acpiphp: ACPI Hot Plug PCI Controller Driver version: 0.5
Sep 20 16:30:48 optipulse-apps kernel: [    0.145797] PCI: Using configuration type 1 for base access
Sep 20 16:30:48 optipulse-apps kernel: [    0.147303] core: PMU erratum BJ122, BV98, HSD29 workaround disabled, HT off
Sep 20 16:30:48 optipulse-apps kernel: [    0.149595] ACPI: Added _OSI(Module Device)
Sep 20 16:30:48 optipulse-apps kernel: [    0.150548] ACPI: Added _OSI(Processor Device)
Sep 20 16:30:48 optipulse-apps kernel: [    0.151542] ACPI: Added _OSI(3.0 _SCP Extensions)
Sep 20 16:30:48 optipulse-apps kernel: [    0.152009] ACPI: Added _OSI(Processor Aggregator Device)
Sep 20 16:30:48 optipulse-apps kernel: [    0.158003] ACPI: Interpreter enabled
Sep 20 16:30:48 optipulse-apps kernel: [    0.159157] ACPI: (supports S0 S3 S4 S5)
Sep 20 16:30:48 optipulse-apps kernel: [    0.160014] ACPI: Using IOAPIC for interrupt routing
Sep 20 16:30:48 optipulse-apps kernel: [    0.161205] PCI: Using host bridge windows from ACPI; if necessary, use "pci=nocrs" and report a bug
Sep 20 16:30:48 optipulse-apps kernel: [    0.167195] ACPI: PCI Root Bridge [PCI0] (domain 0000 [bus 00-ff])
Sep 20 16:30:48 optipulse-apps kernel: [    0.168020] acpi PNP0A03:00: _OSC: OS supports [ASPM ClockPM Segments MSI]
Sep 20 16:30:48 optipulse-apps kernel: [    0.172028] acpi PNP0A03:00: _OSC failed (AE_NOT_FOUND); disabling ASPM
Sep 20 16:30:48 optipulse-apps kernel: [    0.173331] acpi PNP0A03:00: fail to add MMCONFIG information, can't access extended PCI configuration space under this bridge.
Sep 20 16:30:48 optipulse-apps kernel: [    0.175883] acpiphp: Slot [3] registered
Sep 20 16:30:48 optipulse-apps kernel: [    0.176038] acpiphp: Slot [4] registered
Sep 20 16:30:48 optipulse-apps kernel: [    0.176909] acpiphp: Slot [5] registered
Sep 20 16:30:48 optipulse-apps kernel: [    0.177798] acpiphp: Slot [6] registered
Sep 20 16:30:48 optipulse-apps kernel: [    0.178640] acpiphp: Slot [7] registered
Sep 20 16:30:48 optipulse-apps kernel: [    0.179520] acpiphp: Slot [8] registered
Sep 20 16:30:48 optipulse-apps kernel: [    0.180035] acpiphp: Slot [9] registered
Sep 20 16:30:48 optipulse-apps kernel: [    0.180866] acpiphp: Slot [10] registered
Sep 20 16:30:48 optipulse-apps kernel: [    0.181712] acpiphp: Slot [11] registered
Sep 20 16:30:48 optipulse-apps kernel: [    0.182602] acpiphp: Slot [12] registered
Sep 20 16:30:48 optipulse-apps kernel: [    0.183484] acpiphp: Slot [13] registered
Sep 20 16:30:48 optipulse-apps kernel: [    0.184028] acpiphp: Slot [14] registered
Sep 20 16:30:48 optipulse-apps kernel: [    0.184874] acpiphp: Slot [15] registered
Sep 20 16:30:48 optipulse-apps kernel: [    0.185782] acpiphp: Slot [16] registered
Sep 20 16:30:48 optipulse-apps kernel: [    0.186676] acpiphp: Slot [17] registered
Sep 20 16:30:48 optipulse-apps kernel: [    0.187538] acpiphp: Slot [18] registered
Sep 20 16:30:48 optipulse-apps kernel: [    0.188034] acpiphp: Slot [19] registered
Sep 20 16:30:48 optipulse-apps kernel: [    0.188873] acpiphp: Slot [20] registered
Sep 20 16:30:48 optipulse-apps kernel: [    0.189711] acpiphp: Slot [21] registered
Sep 20 16:30:48 optipulse-apps kernel: [    0.190600] acpiphp: Slot [22] registered
Sep 20 16:30:48 optipulse-apps kernel: [    0.191441] acpiphp: Slot [23] registered
Sep 20 16:30:48 optipulse-apps kernel: [    0.192031] acpiphp: Slot [24] registered
Sep 20 16:30:48 optipulse-apps kernel: [    0.192926] acpiphp: Slot [25] registered
Sep 20 16:30:48 optipulse-apps kernel: [    0.193768] acpiphp: Slot [26] registered
Sep 20 16:30:48 optipulse-apps kernel: [    0.194651] acpiphp: Slot [27] registered
Sep 20 16:30:48 optipulse-apps kernel: [    0.195544] acpiphp: Slot [28] registered
Sep 20 16:30:48 optipulse-apps kernel: [    0.196043] acpiphp: Slot [29] registered
Sep 20 16:30:48 optipulse-apps kernel: [    0.197161] acpiphp: Slot [30] registered
Sep 20 16:30:48 optipulse-apps kernel: [    0.198378] acpiphp: Slot [31] registered
Sep 20 16:30:48 optipulse-apps kernel: [    0.200035] PCI host bridge to bus 0000:00
Sep 20 16:30:48 optipulse-apps kernel: [    0.200970] pci_bus 0000:00: root bus resource [io  0x0000-0x0cf7 window]
Sep 20 16:30:48 optipulse-apps kernel: [    0.202205] pci_bus 0000:00: root bus resource [io  0x0d00-0xffff window]
Sep 20 16:30:48 optipulse-apps kernel: [    0.203508] pci_bus 0000:00: root bus resource [mem 0x000a0000-0x000bffff window]
Sep 20 16:30:48 optipulse-apps kernel: [    0.204009] pci_bus 0000:00: root bus resource [mem 0x80000000-0xfebfffff window]
Sep 20 16:30:48 optipulse-apps kernel: [    0.205519] pci_bus 0000:00: root bus resource [bus 00-ff]
Sep 20 16:30:48 optipulse-apps kernel: [    0.206616] pci 0000:00:00.0: [8086:1237] type 00 class 0x060000
Sep 20 16:30:48 optipulse-apps kernel: [    0.207080] pci 0000:00:01.0: [8086:7000] type 00 class 0x060100
Sep 20 16:30:48 optipulse-apps kernel: [    0.207745] pci 0000:00:01.1: [8086:7010] type 00 class 0x010180
Sep 20 16:30:48 optipulse-apps kernel: [    0.213244] pci 0000:00:01.1: reg 0x20: [io  0xc100-0xc10f]
Sep 20 16:30:48 optipulse-apps kernel: [    0.215929] pci 0000:00:01.1: legacy IDE quirk: reg 0x10: [io  0x01f0-0x01f7]
Sep 20 16:30:48 optipulse-apps kernel: [    0.216010] pci 0000:00:01.1: legacy IDE quirk: reg 0x14: [io  0x03f6]
Sep 20 16:30:48 optipulse-apps kernel: [    0.219464] pci 0000:00:01.1: legacy IDE quirk: reg 0x18: [io  0x0170-0x0177]
Sep 20 16:30:48 optipulse-apps kernel: [    0.220016] pci 0000:00:01.1: legacy IDE quirk: reg 0x1c: [io  0x0376]
Sep 20 16:30:48 optipulse-apps kernel: [    0.221839] pci 0000:00:01.2: [8086:7020] type 00 class 0x0c0300
Sep 20 16:30:48 optipulse-apps kernel: [    0.230053] pci 0000:00:01.2: reg 0x20: [io  0xc080-0xc09f]
Sep 20 16:30:48 optipulse-apps kernel: [    0.232223] pci 0000:00:01.3: [8086:7113] type 00 class 0x068000
Sep 20 16:30:48 optipulse-apps kernel: [    0.232613] pci 0000:00:01.3: quirk: [io  0xb000-0xb03f] claimed by PIIX4 ACPI
Sep 20 16:30:48 optipulse-apps kernel: [    0.234138] pci 0000:00:01.3: quirk: [io  0xb100-0xb10f] claimed by PIIX4 SMB
Sep 20 16:30:48 optipulse-apps kernel: [    0.235873] pci 0000:00:02.0: [1b36:0100] type 00 class 0x030000
Sep 20 16:30:48 optipulse-apps kernel: [    0.240022] pci 0000:00:02.0: reg 0x10: [mem 0xf8000000-0xfbffffff]
Sep 20 16:30:48 optipulse-apps kernel: [    0.244016] pci 0000:00:02.0: reg 0x14: [mem 0xfc000000-0xfcffffff]
Sep 20 16:30:48 optipulse-apps kernel: [    0.250930] pci 0000:00:02.0: reg 0x18: [mem 0xfd050000-0xfd051fff]
Sep 20 16:30:48 optipulse-apps kernel: [    0.256033] pci 0000:00:02.0: reg 0x1c: [io  0xc0a0-0xc0bf]
Sep 20 16:30:48 optipulse-apps kernel: [    0.270450] pci 0000:00:02.0: reg 0x30: [mem 0xfd040000-0xfd04ffff pref]
Sep 20 16:30:48 optipulse-apps kernel: [    0.270769] pci 0000:00:03.0: [1af4:1000] type 00 class 0x020000
Sep 20 16:30:48 optipulse-apps kernel: [    0.272838] pci 0000:00:03.0: reg 0x10: [io  0xc0c0-0xc0df]
Sep 20 16:30:48 optipulse-apps kernel: [    0.275152] pci 0000:00:03.0: reg 0x14: [mem 0xfd052000-0xfd052fff]
Sep 20 16:30:48 optipulse-apps kernel: [    0.287832] pci 0000:00:03.0: reg 0x30: [mem 0xfd000000-0xfd03ffff pref]
Sep 20 16:30:48 optipulse-apps kernel: [    0.288326] pci 0000:00:04.0: [1af4:1004] type 00 class 0x010000
Sep 20 16:30:48 optipulse-apps kernel: [    0.290167] pci 0000:00:04.0: reg 0x10: [io  0xc000-0xc03f]
Sep 20 16:30:48 optipulse-apps kernel: [    0.292021] pci 0000:00:04.0: reg 0x14: [mem 0xfd053000-0xfd053fff]
Sep 20 16:30:48 optipulse-apps kernel: [    0.304327] pci 0000:00:05.0: [1af4:1001] type 00 class 0x010000
Sep 20 16:30:48 optipulse-apps kernel: [    0.308023] pci 0000:00:05.0: reg 0x10: [io  0xc040-0xc07f]
Sep 20 16:30:48 optipulse-apps kernel: [    0.310125] pci 0000:00:05.0: reg 0x14: [mem 0xfd054000-0xfd054fff]
Sep 20 16:30:48 optipulse-apps kernel: [    0.321691] pci 0000:00:06.0: [1af4:1002] type 00 class 0x00ff00
Sep 20 16:30:48 optipulse-apps kernel: [    0.323144] pci 0000:00:06.0: reg 0x10: [io  0xc0e0-0xc0ff]
Sep 20 16:30:48 optipulse-apps kernel: [    0.332013] ACPI: PCI Interrupt Link [LNKA] (IRQs 5 *10 11)
Sep 20 16:30:48 optipulse-apps kernel: [    0.333970] ACPI: PCI Interrupt Link [LNKB] (IRQs 5 *10 11)
Sep 20 16:30:48 optipulse-apps kernel: [    0.335847] ACPI: PCI Interrupt Link [LNKC] (IRQs 5 10 *11)
Sep 20 16:30:48 optipulse-apps kernel: [    0.337131] ACPI: PCI Interrupt Link [LNKD] (IRQs 5 10 *11)
Sep 20 16:30:48 optipulse-apps kernel: [    0.339692] ACPI: PCI Interrupt Link [LNKS] (IRQs *9)
Sep 20 16:30:48 optipulse-apps kernel: [    0.340865] ACPI: Enabled 16 GPEs in block 00 to 0F
Sep 20 16:30:48 optipulse-apps kernel: [    0.342362] vgaarb: setting as boot device: PCI:0000:00:02.0
Sep 20 16:30:48 optipulse-apps kernel: [    0.343547] vgaarb: device added: PCI:0000:00:02.0,decodes=io+mem,owns=io+mem,locks=none
Sep 20 16:30:48 optipulse-apps kernel: [    0.344012] vgaarb: loaded
Sep 20 16:30:48 optipulse-apps kernel: [    0.344670] vgaarb: bridge control possible 0000:00:02.0
Sep 20 16:30:48 optipulse-apps kernel: [    0.346055] SCSI subsystem initialized
Sep 20 16:30:48 optipulse-apps kernel: [    0.346940] libata version 3.00 loaded.
Sep 20 16:30:48 optipulse-apps kernel: [    0.346987] ACPI: bus type USB registered
Sep 20 16:30:48 optipulse-apps kernel: [    0.347852] usbcore: registered new interface driver usbfs
Sep 20 16:30:48 optipulse-apps kernel: [    0.348040] usbcore: registered new interface driver hub
Sep 20 16:30:48 optipulse-apps kernel: [    0.349620] usbcore: registered new device driver usb
Sep 20 16:30:48 optipulse-apps kernel: [    0.350867] PCI: Using ACPI for IRQ routing
Sep 20 16:30:48 optipulse-apps kernel: [    0.351901] PCI: pci_cache_line_size set to 64 bytes
Sep 20 16:30:48 optipulse-apps kernel: [    0.352135] e820: reserve RAM buffer [mem 0x0009fc00-0x0009ffff]
Sep 20 16:30:48 optipulse-apps kernel: [    0.352139] e820: reserve RAM buffer [mem 0x1fffb000-0x1fffffff]
Sep 20 16:30:48 optipulse-apps kernel: [    0.352347] NetLabel: Initializing
Sep 20 16:30:48 optipulse-apps kernel: [    0.353346] NetLabel:  domain hash size = 128
Sep 20 16:30:48 optipulse-apps kernel: [    0.354307] NetLabel:  protocols = UNLABELED CIPSOv4
Sep 20 16:30:48 optipulse-apps kernel: [    0.355568] NetLabel:  unlabeled traffic allowed by default
Sep 20 16:30:48 optipulse-apps kernel: [    0.360228] hpet0: at MMIO 0xfed00000, IRQs 2, 8, 0
Sep 20 16:30:48 optipulse-apps kernel: [    0.361786] hpet0: 3 comparators, 64-bit 100.000000 MHz counter
Sep 20 16:30:48 optipulse-apps kernel: [    0.367141] amd_nb: Cannot enumerate AMD northbridges
Sep 20 16:30:48 optipulse-apps kernel: [    0.368042] clocksource: Switched to clocksource kvm-clock
Sep 20 16:30:48 optipulse-apps kernel: [    0.384984] AppArmor: AppArmor Filesystem Enabled
Sep 20 16:30:48 optipulse-apps kernel: [    0.387168] pnp: PnP ACPI init
Sep 20 16:30:48 optipulse-apps kernel: [    0.391221] pnp 00:00: Plug and Play ACPI device, IDs PNP0b00 (active)
Sep 20 16:30:48 optipulse-apps kernel: [    0.391287] pnp 00:01: Plug and Play ACPI device, IDs PNP0303 (active)
Sep 20 16:30:48 optipulse-apps kernel: [    0.391330] pnp 00:02: Plug and Play ACPI device, IDs PNP0f13 (active)
Sep 20 16:30:48 optipulse-apps kernel: [    0.391375] pnp 00:03: [dma 2]
Sep 20 16:30:48 optipulse-apps kernel: [    0.391403] pnp 00:03: Plug and Play ACPI device, IDs PNP0700 (active)
Sep 20 16:30:48 optipulse-apps kernel: [    0.391527] pnp 00:04: Plug and Play ACPI device, IDs PNP0501 (active)
Sep 20 16:30:48 optipulse-apps kernel: [    0.391848] pnp: PnP ACPI: found 5 devices
Sep 20 16:30:48 optipulse-apps kernel: [    0.400699] clocksource: acpi_pm: mask: 0xffffff max_cycles: 0xffffff, max_idle_ns: 2085701024 ns
Sep 20 16:30:48 optipulse-apps kernel: [    0.403746] pci_bus 0000:00: resource 4 [io  0x0000-0x0cf7 window]
Sep 20 16:30:48 optipulse-apps kernel: [    0.403751] pci_bus 0000:00: resource 5 [io  0x0d00-0xffff window]
Sep 20 16:30:48 optipulse-apps kernel: [    0.403754] pci_bus 0000:00: resource 6 [mem 0x000a0000-0x000bffff window]
Sep 20 16:30:48 optipulse-apps kernel: [    0.403757] pci_bus 0000:00: resource 7 [mem 0x80000000-0xfebfffff window]
Sep 20 16:30:48 optipulse-apps kernel: [    0.403837] NET: Registered protocol family 2
Sep 20 16:30:48 optipulse-apps kernel: [    0.405565] TCP established hash table entries: 4096 (order: 3, 32768 bytes)
Sep 20 16:30:48 optipulse-apps kernel: [    0.407622] TCP bind hash table entries: 4096 (order: 4, 65536 bytes)
Sep 20 16:30:48 optipulse-apps kernel: [    0.409480] TCP: Hash tables configured (established 4096 bind 4096)
Sep 20 16:30:48 optipulse-apps kernel: [    0.411452] UDP hash table entries: 256 (order: 1, 8192 bytes)
Sep 20 16:30:48 optipulse-apps kernel: [    0.413152] UDP-Lite hash table entries: 256 (order: 1, 8192 bytes)
Sep 20 16:30:48 optipulse-apps kernel: [    0.415090] NET: Registered protocol family 1
Sep 20 16:30:48 optipulse-apps kernel: [    0.416516] pci 0000:00:00.0: Limiting direct PCI/PCI transfers
Sep 20 16:30:48 optipulse-apps kernel: [    0.418316] pci 0000:00:01.0: PIIX3: Enabling Passive Release
Sep 20 16:30:48 optipulse-apps kernel: [    0.422982] pci 0000:00:01.0: Activating ISA DMA hang workarounds
Sep 20 16:30:48 optipulse-apps kernel: [    0.425759] ACPI: PCI Interrupt Link [LNKD] enabled at IRQ 11
Sep 20 16:30:48 optipulse-apps kernel: [    0.429851] pci 0000:00:02.0: Video device with shadowed ROM
Sep 20 16:30:48 optipulse-apps kernel: [    0.429917] PCI: CLS 0 bytes, default 64
Sep 20 16:30:48 optipulse-apps kernel: [    0.430027] Unpacking initramfs...
Sep 20 16:30:48 optipulse-apps kernel: [    2.992734] Freeing initrd memory: 10840K (ffff88001ed3e000 - ffff88001f7d4000)
Sep 20 16:30:48 optipulse-apps kernel: [    3.012102] Scanning for low memory corruption every 60 seconds
Sep 20 16:30:48 optipulse-apps kernel: [    3.013628] audit: initializing netlink subsys (disabled)
Sep 20 16:30:48 optipulse-apps kernel: [    3.014691] audit: type=2000 audit(1505925039.071:1): initialized
Sep 20 16:30:48 optipulse-apps kernel: [    3.016171] Initialise system trusted keyring
Sep 20 16:30:48 optipulse-apps kernel: [    3.017178] HugeTLB registered 1 GB page size, pre-allocated 0 pages
Sep 20 16:30:48 optipulse-apps kernel: [    3.026787] HugeTLB registered 2 MB page size, pre-allocated 0 pages
Sep 20 16:30:48 optipulse-apps kernel: [    3.029584] zbud: loaded
Sep 20 16:30:48 optipulse-apps kernel: [    3.030646] VFS: Disk quotas dquot_6.6.0
Sep 20 16:30:48 optipulse-apps kernel: [    3.031560] VFS: Dquot-cache hash table entries: 512 (order 0, 4096 bytes)
Sep 20 16:30:48 optipulse-apps kernel: [    3.033120] squashfs: version 4.0 (2009/01/31) Phillip Lougher
Sep 20 16:30:48 optipulse-apps kernel: [    3.035248] fuse init (API version 7.23)
Sep 20 16:30:48 optipulse-apps kernel: [    3.036263] Key type big_key registered
Sep 20 16:30:48 optipulse-apps kernel: [    3.037250] Allocating IMA MOK and blacklist keyrings.
Sep 20 16:30:48 optipulse-apps kernel: [    3.038551] Key type asymmetric registered
Sep 20 16:30:48 optipulse-apps kernel: [    3.039499] Asymmetric key parser 'x509' registered
Sep 20 16:30:48 optipulse-apps kernel: [    3.040707] Block layer SCSI generic (bsg) driver version 0.4 loaded (major 249)
Sep 20 16:30:48 optipulse-apps kernel: [    3.042359] io scheduler noop registered
Sep 20 16:30:48 optipulse-apps kernel: [    3.043377] io scheduler deadline registered (default)
Sep 20 16:30:48 optipulse-apps kernel: [    3.044520] io scheduler cfq registered
Sep 20 16:30:48 optipulse-apps kernel: [    3.045743] pci_hotplug: PCI Hot Plug PCI Core version: 0.5
Sep 20 16:30:48 optipulse-apps kernel: [    3.046899] pciehp: PCI Express Hot Plug Controller Driver version: 0.4
Sep 20 16:30:48 optipulse-apps kernel: [    3.048303] intel_idle: does not run on family 6 model 63
Sep 20 16:30:48 optipulse-apps kernel: [    3.048378] input: Power Button as /devices/LNXSYSTM:00/LNXPWRBN:00/input/input0
Sep 20 16:30:48 optipulse-apps kernel: [    3.049914] ACPI: Power Button [PWRF]
Sep 20 16:30:48 optipulse-apps kernel: [    3.050930] GHES: HEST is not enabled!
Sep 20 16:30:48 optipulse-apps kernel: [    3.052287] ACPI: PCI Interrupt Link [LNKC] enabled at IRQ 10
Sep 20 16:30:48 optipulse-apps kernel: [    3.053644] virtio-pci 0000:00:03.0: virtio_pci: leaving for legacy driver
Sep 20 16:30:48 optipulse-apps kernel: [    3.062199] virtio-pci 0000:00:04.0: virtio_pci: leaving for legacy driver
Sep 20 16:30:48 optipulse-apps kernel: [    3.064291] ACPI: PCI Interrupt Link [LNKA] enabled at IRQ 10
Sep 20 16:30:48 optipulse-apps kernel: [    3.065886] virtio-pci 0000:00:05.0: virtio_pci: leaving for legacy driver
Sep 20 16:30:48 optipulse-apps kernel: [    3.068384] ACPI: PCI Interrupt Link [LNKB] enabled at IRQ 11
Sep 20 16:30:48 optipulse-apps kernel: [    3.069703] virtio-pci 0000:00:06.0: virtio_pci: leaving for legacy driver
Sep 20 16:30:48 optipulse-apps kernel: [    3.072606] Serial: 8250/16550 driver, 32 ports, IRQ sharing enabled
Sep 20 16:30:48 optipulse-apps kernel: [    3.098185] 00:04: ttyS0 at I/O 0x3f8 (irq = 4, base_baud = 115200) is a 16550A
Sep 20 16:30:48 optipulse-apps kernel: [    3.101016] Linux agpgart interface v0.103
Sep 20 16:30:48 optipulse-apps kernel: [    3.103152] loop: module loaded
Sep 20 16:30:48 optipulse-apps kernel: [    3.204868] GPT:Primary header thinks Alt. header is not at the end of the disk.
Sep 20 16:30:48 optipulse-apps kernel: [    3.206670] GPT:4612095 != 41943039
Sep 20 16:30:48 optipulse-apps kernel: [    3.207504] GPT:Alternate GPT header not at the end of the disk.
Sep 20 16:30:48 optipulse-apps kernel: [    3.208805] GPT:4612095 != 41943039
Sep 20 16:30:48 optipulse-apps kernel: [    3.209702] GPT: Use GNU Parted to correct GPT errors.
Sep 20 16:30:48 optipulse-apps kernel: [    3.210726]  vda: vda1 vda14 vda15
Sep 20 16:30:48 optipulse-apps kernel: [    3.211853] ata_piix 0000:00:01.1: version 2.13
Sep 20 16:30:48 optipulse-apps kernel: [    3.213309] scsi host0: ata_piix
Sep 20 16:30:48 optipulse-apps kernel: [    3.214173] scsi host1: ata_piix
Sep 20 16:30:48 optipulse-apps kernel: [    3.214930] ata1: PATA max MWDMA2 cmd 0x1f0 ctl 0x3f6 bmdma 0xc100 irq 14
Sep 20 16:30:48 optipulse-apps kernel: [    3.216168] ata2: PATA max MWDMA2 cmd 0x170 ctl 0x376 bmdma 0xc108 irq 15
Sep 20 16:30:48 optipulse-apps kernel: [    3.217845] libphy: Fixed MDIO Bus: probed
Sep 20 16:30:48 optipulse-apps kernel: [    3.218719] tun: Universal TUN/TAP device driver, 1.6
Sep 20 16:30:48 optipulse-apps kernel: [    3.219846] tun: (C) 1999-2004 Max Krasnyansky <maxk@qualcomm.com>
Sep 20 16:30:48 optipulse-apps kernel: [    3.392514] PPP generic driver version 2.4.2
Sep 20 16:30:48 optipulse-apps kernel: [    3.394013] ehci_hcd: USB 2.0 'Enhanced' Host Controller (EHCI) Driver
Sep 20 16:30:48 optipulse-apps kernel: [    3.395403] ehci-pci: EHCI PCI platform driver
Sep 20 16:30:48 optipulse-apps kernel: [    3.396405] ehci-platform: EHCI generic platform driver
Sep 20 16:30:48 optipulse-apps kernel: [    3.397464] ohci_hcd: USB 1.1 'Open' Host Controller (OHCI) Driver
Sep 20 16:30:48 optipulse-apps kernel: [    3.398620] ohci-pci: OHCI PCI platform driver
Sep 20 16:30:48 optipulse-apps kernel: [    3.399612] ohci-platform: OHCI generic platform driver
Sep 20 16:30:48 optipulse-apps kernel: [    3.400728] uhci_hcd: USB Universal Host Controller Interface driver
Sep 20 16:30:48 optipulse-apps kernel: [    3.403134] uhci_hcd 0000:00:01.2: UHCI Host Controller
Sep 20 16:30:48 optipulse-apps kernel: [    3.404242] uhci_hcd 0000:00:01.2: new USB bus registered, assigned bus number 1
Sep 20 16:30:48 optipulse-apps kernel: [    3.405878] uhci_hcd 0000:00:01.2: detected 2 ports
Sep 20 16:30:48 optipulse-apps kernel: [    3.406905] uhci_hcd 0000:00:01.2: irq 11, io base 0x0000c080
Sep 20 16:30:48 optipulse-apps kernel: [    3.408210] usb usb1: New USB device found, idVendor=1d6b, idProduct=0001
Sep 20 16:30:48 optipulse-apps kernel: [    3.409584] usb usb1: New USB device strings: Mfr=3, Product=2, SerialNumber=1
Sep 20 16:30:48 optipulse-apps kernel: [    3.411113] usb usb1: Product: UHCI Host Controller
Sep 20 16:30:48 optipulse-apps kernel: [    3.412214] usb usb1: Manufacturer: Linux 4.4.0-93-generic uhci_hcd
Sep 20 16:30:48 optipulse-apps kernel: [    3.413504] usb usb1: SerialNumber: 0000:00:01.2
Sep 20 16:30:48 optipulse-apps kernel: [    3.414921] hub 1-0:1.0: USB hub found
Sep 20 16:30:48 optipulse-apps kernel: [    3.415809] hub 1-0:1.0: 2 ports detected
Sep 20 16:30:48 optipulse-apps kernel: [    3.416889] i8042: PNP: PS/2 Controller [PNP0303:KBD,PNP0f13:MOU] at 0x60,0x64 irq 1,12
Sep 20 16:30:48 optipulse-apps kernel: [    3.419330] serio: i8042 KBD port at 0x60,0x64 irq 1
Sep 20 16:30:48 optipulse-apps kernel: [    3.420378] serio: i8042 AUX port at 0x60,0x64 irq 12
Sep 20 16:30:48 optipulse-apps kernel: [    3.424416] mousedev: PS/2 mouse device common for all mice
Sep 20 16:30:48 optipulse-apps kernel: [    3.426008] input: AT Translated Set 2 keyboard as /devices/platform/i8042/serio0/input/input1
Sep 20 16:30:48 optipulse-apps kernel: [    3.428256] rtc_cmos 00:00: RTC can wake from S4
Sep 20 16:30:48 optipulse-apps kernel: [    3.429661] rtc_cmos 00:00: rtc core: registered rtc_cmos as rtc0
Sep 20 16:30:48 optipulse-apps kernel: [    3.431111] rtc_cmos 00:00: alarms up to one day, 114 bytes nvram, hpet irqs
Sep 20 16:30:48 optipulse-apps kernel: [    3.432632] i2c /dev entries driver
Sep 20 16:30:48 optipulse-apps kernel: [    3.440812] device-mapper: uevent: version 1.0.3
Sep 20 16:30:48 optipulse-apps kernel: [    3.442108] device-mapper: ioctl: 4.34.0-ioctl (2015-10-28) initialised: dm-devel@redhat.com
Sep 20 16:30:48 optipulse-apps kernel: [    3.466850] hpet1: lost 1 rtc interrupts
Sep 20 16:30:48 optipulse-apps kernel: [    3.469151] ledtrig-cpu: registered to indicate activity on CPUs
Sep 20 16:30:48 optipulse-apps kernel: [    3.471615] NET: Registered protocol family 10
Sep 20 16:30:48 optipulse-apps kernel: [    3.474000] NET: Registered protocol family 17
Sep 20 16:30:48 optipulse-apps kernel: [    3.475585] Key type dns_resolver registered
Sep 20 16:30:48 optipulse-apps kernel: [    3.477402] microcode: CPU0 sig=0x306f2, pf=0x1, revision=0x1
Sep 20 16:30:48 optipulse-apps kernel: [    3.479262] microcode: Microcode Update Driver: v2.01 <tigran@aivazian.fsnet.co.uk>, Peter Oruba
Sep 20 16:30:48 optipulse-apps kernel: [    3.482397] registered taskstats version 1
Sep 20 16:30:48 optipulse-apps kernel: [    3.483887] Loading compiled-in X.509 certificates
Sep 20 16:30:48 optipulse-apps kernel: [    3.497654] Loaded X.509 cert 'Build time autogenerated kernel key: a6f98c496ad22cf23b77f8fe21ff88c41791cbd4'
Sep 20 16:30:48 optipulse-apps kernel: [    3.504690] zswap: loaded using pool lzo/zbud
Sep 20 16:30:48 optipulse-apps kernel: [    3.512561] Key type trusted registered
Sep 20 16:30:48 optipulse-apps kernel: [    3.518944] Key type encrypted registered
Sep 20 16:30:48 optipulse-apps kernel: [    3.524580] AppArmor: AppArmor sha1 policy hashing enabled
Sep 20 16:30:48 optipulse-apps kernel: [    3.526378] ima: No TPM chip found, activating TPM-bypass!
Sep 20 16:30:48 optipulse-apps kernel: [    3.528312] evm: HMAC attrs: 0x1
Sep 20 16:30:48 optipulse-apps kernel: [    3.529991]   Magic number: 1:696:540
Sep 20 16:30:48 optipulse-apps kernel: [    3.531314]  node: hash matches
Sep 20 16:30:48 optipulse-apps kernel: [    3.532589] rtc_cmos 00:00: setting system clock to 2017-09-20 16:30:39 UTC (1505925039)
Sep 20 16:30:48 optipulse-apps kernel: [    3.535305] BIOS EDD facility v0.16 2004-Jun-25, 0 devices found
Sep 20 16:30:48 optipulse-apps kernel: [    3.537153] EDD information not available.
Sep 20 16:30:48 optipulse-apps kernel: [    3.538617] PM: Hibernation image not present or could not be loaded.
Sep 20 16:30:48 optipulse-apps kernel: [    3.541806] Freeing unused kernel memory: 1492K (ffffffff81f45000 - ffffffff820ba000)
Sep 20 16:30:48 optipulse-apps kernel: [    3.544337] Write protecting the kernel read-only data: 14336k
Sep 20 16:30:48 optipulse-apps kernel: [    3.546393] Freeing unused kernel memory: 1748K (ffff88000184b000 - ffff880001a00000)
Sep 20 16:30:48 optipulse-apps kernel: [    3.548279] Freeing unused kernel memory: 112K (ffff880001de4000 - ffff880001e00000)
Sep 20 16:30:48 optipulse-apps kernel: [    3.573878] random: systemd-udevd: uninitialized urandom read (16 bytes read, 2 bits of entropy available)
Sep 20 16:30:48 optipulse-apps kernel: [    3.576173] random: systemd-udevd: uninitialized urandom read (16 bytes read, 2 bits of entropy available)
Sep 20 16:30:48 optipulse-apps kernel: [    3.578371] random: systemd-udevd: uninitialized urandom read (16 bytes read, 2 bits of entropy available)
Sep 20 16:30:48 optipulse-apps kernel: [    3.582042] random: udevadm: uninitialized urandom read (16 bytes read, 2 bits of entropy available)
Sep 20 16:30:48 optipulse-apps kernel: [    3.584110] random: systemd-udevd: uninitialized urandom read (16 bytes read, 2 bits of entropy available)
Sep 20 16:30:48 optipulse-apps kernel: [    3.587203] random: udevadm: uninitialized urandom read (16 bytes read, 2 bits of entropy available)
Sep 20 16:30:48 optipulse-apps kernel: [    3.589288] random: udevadm: uninitialized urandom read (16 bytes read, 2 bits of entropy available)
Sep 20 16:30:48 optipulse-apps kernel: [    3.591780] random: udevadm: uninitialized urandom read (16 bytes read, 2 bits of entropy available)
Sep 20 16:30:48 optipulse-apps kernel: [    3.593962] random: udevadm: uninitialized urandom read (16 bytes read, 2 bits of entropy available)
Sep 20 16:30:48 optipulse-apps kernel: [    3.599851] random: udevadm: uninitialized urandom read (16 bytes read, 2 bits of entropy available)
Sep 20 16:30:48 optipulse-apps kernel: [    3.647801] virtio_net virtio0 ens3: renamed from eth0
Sep 20 16:30:48 optipulse-apps kernel: [    3.653014] scsi host2: Virtio SCSI HBA
Sep 20 16:30:48 optipulse-apps kernel: [    3.884774] input: VirtualPS/2 VMware VMMouse as /devices/platform/i8042/serio1/input/input4
Sep 20 16:30:48 optipulse-apps kernel: [    3.893199] input: VirtualPS/2 VMware VMMouse as /devices/platform/i8042/serio1/input/input3
Sep 20 16:30:48 optipulse-apps kernel: [    3.896508] FDC 0 is a S82078B
Sep 20 16:30:48 optipulse-apps kernel: [    3.957917] AVX2 version of gcm_enc/dec engaged.
Sep 20 16:30:48 optipulse-apps kernel: [    3.959285] AES CTR mode by8 optimization enabled
Sep 20 16:30:48 optipulse-apps kernel: [    4.008101] tsc: Refined TSC clocksource calibration: 1800.013 MHz
Sep 20 16:30:48 optipulse-apps kernel: [    4.009500] clocksource: tsc: mask: 0xffffffffffffffff max_cycles: 0x19f235fb891, max_idle_ns: 440795286380 ns
Sep 20 16:30:48 optipulse-apps kernel: [    5.352832] md: linear personality registered for level -1
Sep 20 16:30:48 optipulse-apps kernel: [    5.359589] md: multipath personality registered for level -4
Sep 20 16:30:48 optipulse-apps kernel: [    5.366278] md: raid0 personality registered for level 0
Sep 20 16:30:48 optipulse-apps kernel: [    5.374983] md: raid1 personality registered for level 1
Sep 20 16:30:48 optipulse-apps kernel: [    5.452044] raid6: sse2x1   gen()  3737 MB/s
Sep 20 16:30:48 optipulse-apps kernel: [    5.520049] raid6: sse2x1   xor()  3239 MB/s
Sep 20 16:30:48 optipulse-apps kernel: [    5.588058] raid6: sse2x2   gen()  5254 MB/s
Sep 20 16:30:48 optipulse-apps kernel: [    5.656073] raid6: sse2x2   xor()  3270 MB/s
Sep 20 16:30:48 optipulse-apps kernel: [    5.724085] raid6: sse2x4   gen()  6242 MB/s
Sep 20 16:30:48 optipulse-apps kernel: [    5.792044] raid6: sse2x4   xor()  4732 MB/s
Sep 20 16:30:48 optipulse-apps kernel: [    5.860040] raid6: avx2x1   gen()  8696 MB/s
Sep 20 16:30:48 optipulse-apps kernel: [    5.928050] raid6: avx2x2   gen()  8629 MB/s
Sep 20 16:30:48 optipulse-apps kernel: [    5.996029] raid6: avx2x4   gen() 11710 MB/s
Sep 20 16:30:48 optipulse-apps kernel: [    5.997650] raid6: using algorithm avx2x4 gen() 11710 MB/s
Sep 20 16:30:48 optipulse-apps kernel: [    5.999426] raid6: using avx2x2 recovery algorithm
Sep 20 16:30:48 optipulse-apps kernel: [    6.006428] xor: automatically using best checksumming function:
Sep 20 16:30:48 optipulse-apps kernel: [    6.048036]    avx       : 15891.000 MB/sec
Sep 20 16:30:48 optipulse-apps kernel: [    6.052594] async_tx: api initialized (async)
Sep 20 16:30:48 optipulse-apps kernel: [    6.077244] md: raid6 personality registered for level 6
Sep 20 16:30:48 optipulse-apps kernel: [    6.079030] md: raid5 personality registered for level 5
Sep 20 16:30:48 optipulse-apps kernel: [    6.080285] md: raid4 personality registered for level 4
Sep 20 16:30:48 optipulse-apps kernel: [    6.093915] md: raid10 personality registered for level 10
Sep 20 16:30:48 optipulse-apps kernel: [    6.148916] Btrfs loaded
Sep 20 16:30:48 optipulse-apps kernel: [    6.186466] EXT4-fs (vda1): mounted filesystem with ordered data mode. Opts: (null)
Sep 20 16:30:48 optipulse-apps kernel: [    6.498356] Loading iSCSI transport class v2.0-870.
Sep 20 16:30:48 optipulse-apps kernel: [    6.577769] iscsi: registered transport (tcp)
Sep 20 16:30:48 optipulse-apps kernel: [    6.617554] EXT4-fs (vda1): re-mounted. Opts: (null)
Sep 20 16:30:48 optipulse-apps kernel: [    6.732083] iscsi: registered transport (iser)
Sep 20 16:30:48 optipulse-apps kernel: [    8.173091] ppdev: user-space parallel port driver
Sep 20 16:30:48 optipulse-apps kernel: [    8.728549] virtio_net virtio0 eth0: renamed from ens3
Sep 20 16:30:48 optipulse-apps kernel: [    9.945630] audit: type=1400 audit(1505925045.908:2): apparmor="STATUS" operation="profile_load" profile="unconfined" name="lxc-container-default" pid=927 comm="apparmor_parser"
Sep 20 16:30:48 optipulse-apps kernel: [    9.946123] audit: type=1400 audit(1505925045.908:3): apparmor="STATUS" operation="profile_load" profile="unconfined" name="lxc-container-default-cgns" pid=927 comm="apparmor_parser"
Sep 20 16:30:48 optipulse-apps kernel: [    9.946545] audit: type=1400 audit(1505925045.908:4): apparmor="STATUS" operation="profile_load" profile="unconfined" name="lxc-container-default-with-mounting" pid=927 comm="apparmor_parser"
Sep 20 16:30:48 optipulse-apps kernel: [    9.946990] audit: type=1400 audit(1505925045.908:5): apparmor="STATUS" operation="profile_load" profile="unconfined" name="lxc-container-default-with-nesting" pid=927 comm="apparmor_parser"
Sep 20 16:30:48 optipulse-apps kernel: [   10.252631] audit: type=1400 audit(1505925046.216:6): apparmor="STATUS" operation="profile_load" profile="unconfined" name="/sbin/dhclient" pid=967 comm="apparmor_parser"
Sep 20 16:30:48 optipulse-apps kernel: [   10.253376] audit: type=1400 audit(1505925046.216:7): apparmor="STATUS" operation="profile_load" profile="unconfined" name="/usr/lib/NetworkManager/nm-dhcp-client.action" pid=967 comm="apparmor_parser"
Sep 20 16:30:48 optipulse-apps kernel: [   10.253977] audit: type=1400 audit(1505925046.216:8): apparmor="STATUS" operation="profile_load" profile="unconfined" name="/usr/lib/NetworkManager/nm-dhcp-helper" pid=967 comm="apparmor_parser"
Sep 20 16:30:48 optipulse-apps kernel: [   10.254537] audit: type=1400 audit(1505925046.216:9): apparmor="STATUS" operation="profile_load" profile="unconfined" name="/usr/lib/connman/scripts/dhclient-script" pid=967 comm="apparmor_parser"
Sep 20 16:30:48 optipulse-apps kernel: [   10.273428] audit: type=1400 audit(1505925046.236:10): apparmor="STATUS" operation="profile_load" profile="unconfined" name="/usr/bin/lxc-start" pid=969 comm="apparmor_parser"
Sep 20 16:30:48 optipulse-apps kernel: [   10.420810] audit: type=1400 audit(1505925046.384:11): apparmor="STATUS" operation="profile_load" profile="unconfined" name="/usr/lib/lxd/lxd-bridge-proxy" pid=971 comm="apparmor_parser"
Sep 20 16:30:48 optipulse-apps kernel: [   11.707345] EXT4-fs (vda1): resizing filesystem from 548091 to 5214459 blocks
Sep 20 16:30:48 optipulse-apps kernel: [   11.728715] EXT4-fs (vda1): resized filesystem to 5214459
Sep 20 16:30:48 optipulse-apps kernel: [   12.351235] cgroup: new mount options do not match the existing superblock, will be ignored
Sep 20 16:30:48 optipulse-apps systemd-modules-load[590]: Inserted module 'iscsi_tcp'
Sep 20 16:30:48 optipulse-apps systemd-modules-load[590]: Inserted module 'ib_iser'
Sep 20 16:30:48 optipulse-apps loadkeys[591]: Loading /etc/console-setup/cached.kmap.gz
Sep 20 16:30:48 optipulse-apps systemd[1]: Started Load Kernel Modules.
Sep 20 16:30:48 optipulse-apps systemd[1]: Started Nameserver information manager.
Sep 20 16:30:48 optipulse-apps systemd[1]: Started Set console keymap.
Sep 20 16:30:48 optipulse-apps systemd[1]: Started LVM2 metadata daemon.
Sep 20 16:30:48 optipulse-apps systemd[1]: Mounting FUSE Control File System...
Sep 20 16:30:48 optipulse-apps systemd[1]: Starting Apply Kernel Variables...
Sep 20 16:30:48 optipulse-apps systemd[1]: Starting udev Coldplug all Devices...
Sep 20 16:30:48 optipulse-apps systemd[1]: Starting Flush Journal to Persistent Storage...
Sep 20 16:30:48 optipulse-apps systemd[1]: Starting Load/Save Random Seed...
Sep 20 16:30:48 optipulse-apps systemd[1]: Starting Initial cloud-init job (pre-networking)...
Sep 20 16:30:48 optipulse-apps systemd[1]: Starting Create Static Device Nodes in /dev...
Sep 20 16:30:48 optipulse-apps systemd[1]: Mounted FUSE Control File System.
Sep 20 16:30:48 optipulse-apps systemd[1]: Started Apply Kernel Variables.
Sep 20 16:30:48 optipulse-apps systemd[1]: Started Load/Save Random Seed.
Sep 20 16:30:48 optipulse-apps systemd[1]: Started Create Static Device Nodes in /dev.
Sep 20 16:30:48 optipulse-apps systemd[1]: Started Flush Journal to Persistent Storage.
Sep 20 16:30:48 optipulse-apps systemd[1]: Starting udev Kernel Device Manager...
Sep 20 16:30:48 optipulse-apps systemd[1]: Started udev Coldplug all Devices.
Sep 20 16:30:48 optipulse-apps systemd[1]: Started udev Kernel Device Manager.
Sep 20 16:30:48 optipulse-apps systemd[1]: Started Dispatch Password Requests to Console Directory Watch.
Sep 20 16:30:48 optipulse-apps systemd[1]: Started Monitoring of LVM2 mirrors, snapshots etc. using dmeventd or progress polling.
Sep 20 16:30:48 optipulse-apps systemd[1]: Reached target Local File Systems (Pre).
Sep 20 16:30:48 optipulse-apps systemd[1]: Found device /dev/ttyS0.
Sep 20 16:30:48 optipulse-apps systemd[1]: Listening on Load/Save RF Kill Switch Status /dev/rfkill Watch.
Sep 20 16:30:48 optipulse-apps systemd[1]: Found device /dev/disk/by-label/UEFI.
Sep 20 16:30:48 optipulse-apps systemd[1]: Mounting /boot/efi...
Sep 20 16:30:48 optipulse-apps systemd[1]: Mounted /boot/efi.
Sep 20 16:30:48 optipulse-apps systemd[1]: Reached target Local File Systems.
Sep 20 16:30:48 optipulse-apps systemd[1]: Starting Commit a transient machine-id on disk...
Sep 20 16:30:48 optipulse-apps systemd[1]: Starting LSB: AppArmor initialization...
Sep 20 16:30:48 optipulse-apps systemd[1]: Starting Tell Plymouth To Write Out Runtime Data...
Sep 20 16:30:48 optipulse-apps systemd[1]: Starting Set console font and keymap...
Sep 20 16:30:48 optipulse-apps systemd[1]: Starting Create Volatile Files and Directories...
Sep 20 16:30:48 optipulse-apps systemd[1]: Started Commit a transient machine-id on disk.
Sep 20 16:30:48 optipulse-apps systemd-tmpfiles[855]: [/usr/lib/tmpfiles.d/var.conf:14] Duplicate line for path "/var/log", ignoring.
Sep 20 16:30:48 optipulse-apps systemd[1]: Started Tell Plymouth To Write Out Runtime Data.
Sep 20 16:30:48 optipulse-apps systemd[1]: Started Create Volatile Files and Directories.
Sep 20 16:30:48 optipulse-apps cloud-init[679]: Cloud-init v. 0.7.9 running 'init-local' at Wed, 20 Sep 2017 16:30:44 +0000. Up 8.10 seconds.
Sep 20 16:30:48 optipulse-apps systemd[1]: Started Initial cloud-init job (pre-networking).
Sep 20 16:30:48 optipulse-apps systemd[1]: sys-subsystem-net-devices-ens3.device: Dev sys-subsystem-net-devices-ens3.device appeared twice with different sysfs paths /sys/devices/pci0000:00/0000:00:03.0/virtio0/net/ens3 and /sys/devices/pci0000:00/0000:00:03.0/virtio0/net/eth0
Sep 20 16:30:48 optipulse-apps systemd[1]: Reached target Network (Pre).
Sep 20 16:30:48 optipulse-apps apparmor[844]:  * Starting AppArmor profiles
Sep 20 16:30:48 optipulse-apps systemd[1]: Starting Update UTMP about System Boot/Shutdown...
Sep 20 16:30:48 optipulse-apps systemd[1]: Starting Network Time Synchronization...
Sep 20 16:30:48 optipulse-apps systemd[1]: Started Network Time Synchronization.
Sep 20 16:30:48 optipulse-apps systemd[1]: Started Update UTMP about System Boot/Shutdown.
Sep 20 16:30:48 optipulse-apps systemd[1]: Reached target System Time Synchronized.
Sep 20 16:30:48 optipulse-apps systemd[1]: Started Set console font and keymap.
Sep 20 16:30:48 optipulse-apps systemd[1]: Created slice system-getty.slice.
Sep 20 16:30:48 optipulse-apps apparmor[844]: Skipping profile in /etc/apparmor.d/disable: usr.sbin.rsyslogd
Sep 20 16:30:48 optipulse-apps apparmor[844]:    ...done.
Sep 20 16:30:48 optipulse-apps systemd[1]: Started LSB: AppArmor initialization.
Sep 20 16:30:48 optipulse-apps systemd[1]: Starting Raise network interfaces...
Sep 20 16:30:48 optipulse-apps systemd[1]: Started Raise network interfaces.
Sep 20 16:30:48 optipulse-apps systemd[1]: Reached target Network.
Sep 20 16:30:48 optipulse-apps systemd[1]: Starting Initial cloud-init job (metadata service crawler)...
Sep 20 16:30:48 optipulse-apps DigitalOcean: adding random seed to /dev/urandom
Sep 20 16:30:48 optipulse-apps cloud-init[1169]: Cloud-init v. 0.7.9 running 'init' at Wed, 20 Sep 2017 16:30:47 +0000. Up 11.28 seconds.
Sep 20 16:30:48 optipulse-apps cloud-init[1169]: ci-info: ++++++++++++++++++++++++++++++++++++++Net device info+++++++++++++++++++++++++++++++++++++++
Sep 20 16:30:48 optipulse-apps cloud-init[1169]: ci-info: +--------+------+------------------------------+---------------+-------+-------------------+
Sep 20 16:30:48 optipulse-apps cloud-init[1169]: ci-info: | Device |  Up  |           Address            |      Mask     | Scope |     Hw-Address    |
Sep 20 16:30:48 optipulse-apps cloud-init[1169]: ci-info: +--------+------+------------------------------+---------------+-------+-------------------+
Sep 20 16:30:48 optipulse-apps cloud-init[1169]: ci-info: |   lo   | True |          127.0.0.1           |   255.0.0.0   |   .   |         .         |
Sep 20 16:30:48 optipulse-apps cloud-init[1169]: ci-info: |   lo   | True |           ::1/128            |       .       |  host |         .         |
Sep 20 16:30:48 optipulse-apps cloud-init[1169]: ci-info: |  eth0  | True |         138.68.57.75         | 255.255.240.0 |   .   | ba:33:63:c7:37:f2 |
Sep 20 16:30:48 optipulse-apps cloud-init[1169]: ci-info: |  eth0  | True | fe80::b833:63ff:fec7:37f2/64 |       .       |  link | ba:33:63:c7:37:f2 |
Sep 20 16:30:48 optipulse-apps cloud-init[1169]: ci-info: +--------+------+------------------------------+---------------+-------+-------------------+
Sep 20 16:30:48 optipulse-apps cloud-init[1169]: ci-info: +++++++++++++++++++++++++++++Route IPv4 info+++++++++++++++++++++++++++++
Sep 20 16:30:48 optipulse-apps cloud-init[1169]: ci-info: +-------+-------------+-------------+---------------+-----------+-------+
Sep 20 16:30:48 optipulse-apps cloud-init[1169]: ci-info: | Route | Destination |   Gateway   |    Genmask    | Interface | Flags |
Sep 20 16:30:48 optipulse-apps cloud-init[1169]: ci-info: +-------+-------------+-------------+---------------+-----------+-------+
Sep 20 16:30:48 optipulse-apps cloud-init[1169]: ci-info: |   0   |   0.0.0.0   | 138.68.48.1 |    0.0.0.0    |    eth0   |   UG  |
Sep 20 16:30:48 optipulse-apps cloud-init[1169]: ci-info: |   1   |  10.46.0.0  |   0.0.0.0   |  255.255.0.0  |    eth0   |   U   |
Sep 20 16:30:48 optipulse-apps cloud-init[1169]: ci-info: |   2   | 138.68.48.0 |   0.0.0.0   | 255.255.240.0 |    eth0   |   U   |
Sep 20 16:30:48 optipulse-apps cloud-init[1169]: ci-info: +-------+-------------+-------------+---------------+-----------+-------+
Sep 20 16:30:48 optipulse-apps cloud-init[1169]: Generating public/private rsa key pair.
Sep 20 16:30:48 optipulse-apps cloud-init[1169]: Your identification has been saved in /etc/ssh/ssh_host_rsa_key.
Sep 20 16:30:48 optipulse-apps cloud-init[1169]: Your public key has been saved in /etc/ssh/ssh_host_rsa_key.pub.
Sep 20 16:30:48 optipulse-apps cloud-init[1169]: The key fingerprint is:
Sep 20 16:30:48 optipulse-apps cloud-init[1169]: SHA256:Al8jj+yCassnjS2wnpoX7ZM6RglXiE+rb7gohRGTy9c root@optipulse-apps
Sep 20 16:30:48 optipulse-apps cloud-init[1169]: The key's randomart image is:
Sep 20 16:30:48 optipulse-apps cloud-init[1169]: +---[RSA 2048]----+
Sep 20 16:30:48 optipulse-apps cloud-init[1169]: | o .             |
Sep 20 16:30:48 optipulse-apps cloud-init[1169]: |= o .            |
Sep 20 16:30:48 optipulse-apps cloud-init[1169]: |.* oo . o        |
Sep 20 16:30:48 optipulse-apps cloud-init[1169]: |+.+. E = .       |
Sep 20 16:30:48 optipulse-apps cloud-init[1169]: | *.o  = S        |
Sep 20 16:30:48 optipulse-apps cloud-init[1169]: |+ =... .         |
Sep 20 16:30:48 optipulse-apps cloud-init[1169]: |.*=o...          |
Sep 20 16:30:48 optipulse-apps cloud-init[1169]: |*BB++.           |
Sep 20 16:30:48 optipulse-apps cloud-init[1169]: |@X*o .           |
Sep 20 16:30:48 optipulse-apps cloud-init[1169]: +----[SHA256]-----+
Sep 20 16:30:48 optipulse-apps cloud-init[1169]: Generating public/private dsa key pair.
Sep 20 16:30:48 optipulse-apps cloud-init[1169]: Your identification has been saved in /etc/ssh/ssh_host_dsa_key.
Sep 20 16:30:48 optipulse-apps cloud-init[1169]: Your public key has been saved in /etc/ssh/ssh_host_dsa_key.pub.
Sep 20 16:30:48 optipulse-apps cloud-init[1169]: The key fingerprint is:
Sep 20 16:30:48 optipulse-apps cloud-init[1169]: SHA256:RNC8+t2zx5mmR8A8ADntXl+b82xVIQGeZAFeoOoqLa4 root@optipulse-apps
Sep 20 16:30:48 optipulse-apps cloud-init[1169]: The key's randomart image is:
Sep 20 16:30:48 optipulse-apps cloud-init[1169]: +---[DSA 1024]----+
Sep 20 16:30:48 optipulse-apps cloud-init[1169]: |      .+o*o*o..  |
Sep 20 16:30:48 optipulse-apps cloud-init[1169]: |       .B B .. . |
Sep 20 16:30:48 optipulse-apps cloud-init[1169]: |       ..= *  . .|
Sep 20 16:30:48 optipulse-apps cloud-init[1169]: |      ... . *   o|
Sep 20 16:30:48 optipulse-apps cloud-init[1169]: |     . .S. . + .+|
Sep 20 16:30:48 optipulse-apps cloud-init[1169]: |    . .   .   o+.|
Sep 20 16:30:48 optipulse-apps cloud-init[1169]: |  .  . . . . o ++|
Sep 20 16:30:48 optipulse-apps cloud-init[1169]: | o ..   . . o B +|
Sep 20 16:30:48 optipulse-apps cloud-init[1169]: |E.o.        oB . |
Sep 20 16:30:48 optipulse-apps cloud-init[1169]: +----[SHA256]-----+
Sep 20 16:30:48 optipulse-apps cloud-init[1169]: Generating public/private ecdsa key pair.
Sep 20 16:30:48 optipulse-apps cloud-init[1169]: Your identification has been saved in /etc/ssh/ssh_host_ecdsa_key.
Sep 20 16:30:48 optipulse-apps cloud-init[1169]: Your public key has been saved in /etc/ssh/ssh_host_ecdsa_key.pub.
Sep 20 16:30:48 optipulse-apps cloud-init[1169]: The key fingerprint is:
Sep 20 16:30:48 optipulse-apps cloud-init[1169]: SHA256:/wjr+0pouGGzWJ9YkzEZV9KdgjDyKVnr7uxIS91kKZU root@optipulse-apps
Sep 20 16:30:48 optipulse-apps cloud-init[1169]: The key's randomart image is:
Sep 20 16:30:48 optipulse-apps cloud-init[1169]: +---[ECDSA 256]---+
Sep 20 16:30:48 optipulse-apps cloud-init[1169]: |    . +..o.. .   |
Sep 20 16:30:48 optipulse-apps cloud-init[1169]: |     = +.+o o    |
Sep 20 16:30:48 optipulse-apps cloud-init[1169]: |    o = E  .     |
Sep 20 16:30:48 optipulse-apps cloud-init[1169]: |     o = .       |
Sep 20 16:30:48 optipulse-apps cloud-init[1169]: |      * S        |
Sep 20 16:30:48 optipulse-apps cloud-init[1169]: |     + X .       |
Sep 20 16:30:48 optipulse-apps cloud-init[1169]: |    O O + .      |
Sep 20 16:30:48 optipulse-apps cloud-init[1169]: |   * # + o o     |
Sep 20 16:30:48 optipulse-apps cloud-init[1169]: |  . *.*.=+o .    |
Sep 20 16:30:48 optipulse-apps cloud-init[1169]: +----[SHA256]-----+
Sep 20 16:30:48 optipulse-apps cloud-init[1169]: Generating public/private ed25519 key pair.
Sep 20 16:30:48 optipulse-apps cloud-init[1169]: Your identification has been saved in /etc/ssh/ssh_host_ed25519_key.
Sep 20 16:30:48 optipulse-apps cloud-init[1169]: Your public key has been saved in /etc/ssh/ssh_host_ed25519_key.pub.
Sep 20 16:30:48 optipulse-apps cloud-init[1169]: The key fingerprint is:
Sep 20 16:30:48 optipulse-apps cloud-init[1169]: SHA256:TQ6lU2IPjdRBT+boyZYcGA/UOkrBWKzCrXh1OIdbXss root@optipulse-apps
Sep 20 16:30:48 optipulse-apps cloud-init[1169]: The key's randomart image is:
Sep 20 16:30:48 optipulse-apps cloud-init[1169]: +--[ED25519 256]--+
Sep 20 16:30:48 optipulse-apps cloud-init[1169]: |     =.oO*=.o    |
Sep 20 16:30:48 optipulse-apps cloud-init[1169]: |    . +..%+*     |
Sep 20 16:30:48 optipulse-apps cloud-init[1169]: | . . + .=.* o    |
Sep 20 16:30:48 optipulse-apps cloud-init[1169]: |  o B = +X +     |
Sep 20 16:30:48 optipulse-apps cloud-init[1169]: | . + O +SoX      |
Sep 20 16:30:48 optipulse-apps cloud-init[1169]: |. o . o E.       |
Sep 20 16:30:48 optipulse-apps cloud-init[1169]: | .               |
Sep 20 16:30:48 optipulse-apps cloud-init[1169]: |                 |
Sep 20 16:30:48 optipulse-apps systemd[1]: Started Initial cloud-init job (metadata service crawler).
Sep 20 16:30:48 optipulse-apps iscsid: iSCSI logger with pid=1275 started!
Sep 20 16:30:48 optipulse-apps cloud-init[1169]: |                 |
Sep 20 16:30:48 optipulse-apps cloud-init[1169]: +----[SHA256]-----+
Sep 20 16:30:48 optipulse-apps systemd[1]: Reached target Network is Online.
Sep 20 16:30:48 optipulse-apps iscsid: iSCSI daemon with pid=1276 started!
Sep 20 16:30:48 optipulse-apps systemd[1]: Starting iSCSI initiator daemon (iscsid)...
Sep 20 16:30:48 optipulse-apps cron[1301]: (CRON) INFO (pidfile fd = 3)
Sep 20 16:30:48 optipulse-apps systemd[1]: Reached target Cloud-config availability.
Sep 20 16:30:48 optipulse-apps cron[1301]: (CRON) INFO (Running @reboot jobs)
Sep 20 16:30:48 optipulse-apps systemd[1]: Reached target System Initialization.
Sep 20 16:30:48 optipulse-apps dbus[1321]: [system] AppArmor D-Bus mediation is enabled
Sep 20 16:30:48 optipulse-apps systemd[1]: Started Timer to automatically refresh installed snaps.
Sep 20 16:30:48 optipulse-apps acpid: starting up with netlink and the input layer
Sep 20 16:30:48 optipulse-apps systemd[1]: Starting Socket activation for snappy daemon.
Sep 20 16:30:48 optipulse-apps acpid: 1 rule loaded
Sep 20 16:30:48 optipulse-apps lxcfs[1289]: hierarchies:
Sep 20 16:30:48 optipulse-apps lxcfs[1289]:   0: fd:   5: freezer
Sep 20 16:30:48 optipulse-apps lxcfs[1289]:   1: fd:   6: cpuset
Sep 20 16:30:48 optipulse-apps lxcfs[1289]:   2: fd:   7: memory
Sep 20 16:30:48 optipulse-apps lxcfs[1289]:   3: fd:   8: hugetlb
Sep 20 16:30:48 optipulse-apps lxcfs[1289]:   4: fd:   9: perf_event
Sep 20 16:30:48 optipulse-apps lxcfs[1289]:   5: fd:  10: blkio
Sep 20 16:30:48 optipulse-apps lxcfs[1289]:   6: fd:  11: cpu,cpuacct
Sep 20 16:30:48 optipulse-apps lxcfs[1289]:   7: fd:  12: devices
Sep 20 16:30:48 optipulse-apps lxcfs[1289]:   8: fd:  13: pids
Sep 20 16:30:48 optipulse-apps lxcfs[1289]:   9: fd:  14: net_cls,net_prio
Sep 20 16:30:48 optipulse-apps lxcfs[1289]:  10: fd:  15: name=systemd
Sep 20 16:30:48 optipulse-apps systemd[1]: Starting LXD - unix socket.
Sep 20 16:30:48 optipulse-apps acpid: waiting for events: event logging is off
Sep 20 16:30:48 optipulse-apps systemd[1]: Listening on UUID daemon activation socket.
Sep 20 16:30:48 optipulse-apps dbus[1321]: [system] Activating via systemd: service name='org.freedesktop.PolicyKit1' unit='polkitd.service'
Sep 20 16:30:48 optipulse-apps systemd[1]: Started Daily apt download activities.
Sep 20 16:30:48 optipulse-apps systemd[1]: Listening on D-Bus System Message Bus Socket.
Sep 20 16:30:48 optipulse-apps systemd[1]: Started Daily apt upgrade and clean activities.
Sep 20 16:30:48 optipulse-apps systemd[1]: Started Daily Cleanup of Temporary Directories.
Sep 20 16:30:48 optipulse-apps systemd[1]: Reached target Timers.
Sep 20 16:30:48 optipulse-apps systemd[1]: Started ACPI Events Check.
Sep 20 16:30:48 optipulse-apps systemd[1]: Reached target Paths.
Sep 20 16:30:48 optipulse-apps systemd[1]: Listening on ACPID Listen Socket.
Sep 20 16:30:48 optipulse-apps systemd[1]: Listening on Socket activation for snappy daemon.
Sep 20 16:30:48 optipulse-apps snap[1342]: auto-import is disabled on classic
Sep 20 16:30:48 optipulse-apps systemd[1]: Listening on LXD - unix socket.
Sep 20 16:30:48 optipulse-apps mdadm[1318]:  * Starting MD monitoring service mdadm --monitor
Sep 20 16:30:48 optipulse-apps iscsiadm[1353]: iscsiadm: No records found
Sep 20 16:30:48 optipulse-apps systemd[1]: Started iSCSI initiator daemon (iscsid).
Sep 20 16:30:48 optipulse-apps systemd[1]: Starting Login to default iSCSI targets...
Sep 20 16:30:48 optipulse-apps systemd[1]: Reached target Sockets.
Sep 20 16:30:48 optipulse-apps systemd[1]: Reached target Basic System.
Sep 20 16:30:48 optipulse-apps systemd[1]: Started Deferred execution scheduler.
Sep 20 16:30:48 optipulse-apps systemd[1]: Starting System Logging Service...
Sep 20 16:30:48 optipulse-apps mdadm[1318]:    ...done.
Sep 20 16:30:48 optipulse-apps systemd[1]: Starting LXD - container startup/shutdown...
Sep 20 16:30:48 optipulse-apps systemd[1]: Started FUSE filesystem for LXC.
Sep 20 16:30:48 optipulse-apps systemd[1]: Starting Apply the settings specified in cloud-config...
Sep 20 16:30:48 optipulse-apps systemd[1]: Starting Login Service...
Sep 20 16:30:48 optipulse-apps systemd[1]: Starting LSB: Record successful boot for GRUB...
Sep 20 16:30:48 optipulse-apps systemd[1]: Started Regular background program processing daemon.
Sep 20 16:30:48 optipulse-apps systemd[1]: Starting Pollinate to seed the pseudo random number generator...
Sep 20 16:30:48 optipulse-apps systemd[1]: Starting /etc/rc.local Compatibility...
Sep 20 16:30:48 optipulse-apps systemd[1]: Started Unattended Upgrades Shutdown.
Sep 20 16:30:48 optipulse-apps systemd[1]: Starting LSB: MD monitoring daemon...
Sep 20 16:30:48 optipulse-apps systemd[1]: Started D-Bus System Message Bus.
Sep 20 16:30:48 optipulse-apps systemd[1]: Started ACPI event daemon.
Sep 20 16:30:48 optipulse-apps systemd[1]: Starting Accounts Service...
Sep 20 16:30:48 optipulse-apps systemd[1]: Started Snappy daemon.
Sep 20 16:30:48 optipulse-apps systemd[1]: Starting Auto import assertions from block devices...
Sep 20 16:30:48 optipulse-apps systemd[1]: Started System Logging Service.
Sep 20 16:30:48 optipulse-apps systemd[1]: Started /etc/rc.local Compatibility.
Sep 20 16:30:48 optipulse-apps systemd[1]: Started Login to default iSCSI targets.
Sep 20 16:30:48 optipulse-apps systemd[1]: Started Auto import assertions from block devices.
Sep 20 16:30:48 optipulse-apps systemd[1]: Started LXD - container startup/shutdown.
Sep 20 16:30:48 optipulse-apps systemd[1]: Started LSB: Record successful boot for GRUB.
Sep 20 16:30:48 optipulse-apps systemd[1]: Started LSB: MD monitoring daemon.
Sep 20 16:30:48 optipulse-apps systemd[1]: Starting Authenticate and Authorize Users to Run Privileged Tasks...
Sep 20 16:30:48 optipulse-apps pollinate[1305]: client sent challenge to [https://entropy.ubuntu.com/]
Sep 20 16:30:48 optipulse-apps systemd[1]: Reached target Remote File Systems (Pre).
Sep 20 16:30:48 optipulse-apps systemd[1]: Reached target Remote File Systems.
Sep 20 16:30:48 optipulse-apps systemd[1]: Starting LSB: daemon to balance interrupts for SMP systems...
Sep 20 16:30:48 optipulse-apps systemd[1]: Starting LSB: Set the CPU Frequency Scaling governor to "ondemand"...
Sep 20 16:30:48 optipulse-apps systemd[1]: Starting LSB: automatic crash report generation...
Sep 20 16:30:48 optipulse-apps systemd[1]: Starting Permit User Sessions...
Sep 20 16:30:48 optipulse-apps systemd[1]: Started Permit User Sessions.
Sep 20 16:30:48 optipulse-apps systemd[1]: Started Login Service.
Sep 20 16:30:48 optipulse-apps systemd[1]: Starting Hold until boot process finishes up...
Sep 20 16:30:48 optipulse-apps systemd[1]: Starting Terminate Plymouth Boot Screen...
Sep 20 16:30:48 optipulse-apps systemd[1]: Started Hold until boot process finishes up.
Sep 20 16:30:48 optipulse-apps /usr/lib/snapd/snapd[1340]: daemon.go:250: DEBUG: init done in 13.285727ms
Sep 20 16:30:48 optipulse-apps systemd[1]: Started Terminate Plymouth Boot Screen.
Sep 20 16:30:48 optipulse-apps apport[1400]:  * Starting automatic crash report generation: apport
Sep 20 16:30:48 optipulse-apps irqbalance[1391]:  * Starting SMP IRQ Balancer: irqbalance
Sep 20 16:30:48 optipulse-apps /usr/lib/snapd/snapd[1340]: daemon.go:251: started snapd/2.26.10 (series 16; classic) ubuntu/16.04 (amd64) linux/4.4.0-93-generic.
Sep 20 16:30:48 optipulse-apps snapd[1340]: 2017/09/20 16:30:48.795829 daemon.go:251: started snapd/2.26.10 (series 16; classic) ubuntu/16.04 (amd64) linux/4.4.0-93-generic.
Sep 20 16:30:48 optipulse-apps systemd[1]: Started LSB: Set the CPU Frequency Scaling governor to "ondemand".
Sep 20 16:30:48 optipulse-apps systemd[1]: Starting Set console scheme...
Sep 20 16:30:48 optipulse-apps systemd[1]: Started Serial Getty on ttyS0.
Sep 20 16:30:48 optipulse-apps systemd[1]: Started Getty on tty1.
Sep 20 16:30:48 optipulse-apps systemd[1]: Reached target Login Prompts.
Sep 20 16:30:48 optipulse-apps /usr/lib/snapd/snapd[1340]: taskrunner.go:367: DEBUG: Running task 1 on Do: Mark system seeded
Sep 20 16:30:48 optipulse-apps polkitd[1388]: started daemon version 0.105 using authority implementation `local' version `0.105'
Sep 20 16:30:48 optipulse-apps systemd[1]: Started Set console scheme.
Sep 20 16:30:48 optipulse-apps systemd[1]: Started Authenticate and Authorize Users to Run Privileged Tasks.
Sep 20 16:30:48 optipulse-apps dbus[1321]: [system] Successfully activated service 'org.freedesktop.PolicyKit1'
Sep 20 16:30:48 optipulse-apps apport[1400]:    ...done.
Sep 20 16:30:48 optipulse-apps systemd[1]: Started Accounts Service.
Sep 20 16:30:48 optipulse-apps accounts-daemon[1337]: started daemon version 0.6.40
Sep 20 16:30:48 optipulse-apps systemd[1]: Started LSB: automatic crash report generation.
Sep 20 16:30:48 optipulse-apps /usr/sbin/irqbalance: Balancing is ineffective on systems with a single cpu.  Shutting down
Sep 20 16:30:48 optipulse-apps irqbalance[1391]:    ...done.
Sep 20 16:30:48 optipulse-apps systemd[1]: Started LSB: daemon to balance interrupts for SMP systems.
Sep 20 16:30:49 optipulse-apps cloud-init[1290]: Generating locales (this might take a while)...
Sep 20 16:30:49 optipulse-apps pollinate[1305]: client verified challenge/response with [https://entropy.ubuntu.com/]
Sep 20 16:30:49 optipulse-apps pollinate[1305]: client hashed response from [https://entropy.ubuntu.com/]
Sep 20 16:30:49 optipulse-apps pollinate[1305]: client successfully seeded [/dev/urandom]
Sep 20 16:30:49 optipulse-apps systemd[1]: Started Pollinate to seed the pseudo random number generator.
Sep 20 16:30:49 optipulse-apps systemd[1]: Starting OpenBSD Secure Shell server...
Sep 20 16:30:49 optipulse-apps systemd[1]: Started OpenBSD Secure Shell server.
Sep 20 16:30:49 optipulse-apps systemd[1]: Reached target Multi-User System.
Sep 20 16:30:49 optipulse-apps systemd[1]: Reached target Graphical Interface.
Sep 20 16:30:49 optipulse-apps systemd[1]: Starting Update UTMP about System Runlevel Changes...
Sep 20 16:30:49 optipulse-apps systemd[1]: Started Update UTMP about System Runlevel Changes.
Sep 20 16:30:50 optipulse-apps cloud-init[1290]:   en_US.UTF-8... done
Sep 20 16:30:50 optipulse-apps cloud-init[1290]: Generation complete.
Sep 20 16:30:50 optipulse-apps systemd[1]: Stopping OpenBSD Secure Shell server...
Sep 20 16:30:50 optipulse-apps systemd[1]: Stopped OpenBSD Secure Shell server.
Sep 20 16:30:50 optipulse-apps systemd[1]: Starting OpenBSD Secure Shell server...
Sep 20 16:30:50 optipulse-apps systemd[1]: Started OpenBSD Secure Shell server.
Sep 20 16:30:50 optipulse-apps cloud-init[1290]: Cloud-init v. 0.7.9 running 'modules:config' at Wed, 20 Sep 2017 16:30:49 +0000. Up 13.33 seconds.
Sep 20 16:30:51 optipulse-apps systemd[1]: Started Apply the settings specified in cloud-config.
Sep 20 16:30:51 optipulse-apps systemd[1]: Starting Execute cloud user/final scripts...
Sep 20 16:30:51 optipulse-apps cloud-init[1538]: Initializing machine ID from KVM UUID.
Sep 20 16:30:51 optipulse-apps ec2: 
Sep 20 16:30:51 optipulse-apps ec2: #############################################################
Sep 20 16:30:51 optipulse-apps ec2: -----BEGIN SSH HOST KEY FINGERPRINTS-----
Sep 20 16:30:51 optipulse-apps ec2: 1024 SHA256:RNC8+t2zx5mmR8A8ADntXl+b82xVIQGeZAFeoOoqLa4 root@optipulse-apps (DSA)
Sep 20 16:30:51 optipulse-apps ec2: 256 SHA256:/wjr+0pouGGzWJ9YkzEZV9KdgjDyKVnr7uxIS91kKZU root@optipulse-apps (ECDSA)
Sep 20 16:30:51 optipulse-apps ec2: 256 SHA256:TQ6lU2IPjdRBT+boyZYcGA/UOkrBWKzCrXh1OIdbXss root@optipulse-apps (ED25519)
Sep 20 16:30:51 optipulse-apps ec2: 2048 SHA256:Al8jj+yCassnjS2wnpoX7ZM6RglXiE+rb7gohRGTy9c root@optipulse-apps (RSA)
Sep 20 16:30:51 optipulse-apps ec2: -----END SSH HOST KEY FINGERPRINTS-----
Sep 20 16:30:51 optipulse-apps ec2: #############################################################
Sep 20 16:30:51 optipulse-apps cloud-init[1538]: Cloud-init v. 0.7.9 running 'modules:final' at Wed, 20 Sep 2017 16:30:51 +0000. Up 15.48 seconds.
Sep 20 16:30:51 optipulse-apps cloud-init[1538]: ci-info: no authorized ssh keys fingerprints found for user root.
Sep 20 16:30:51 optipulse-apps cloud-init[1538]: Cloud-init v. 0.7.9 finished at Wed, 20 Sep 2017 16:30:51 +0000. Datasource DataSourceDigitalOcean.  Up 15.70 seconds
Sep 20 16:30:51 optipulse-apps systemd[1]: Started Execute cloud user/final scripts.
Sep 20 16:30:51 optipulse-apps systemd[1]: Reached target Cloud-init target.
Sep 20 16:30:51 optipulse-apps systemd[1]: Startup finished in 6.261s (kernel) + 9.537s (userspace) = 15.798s.
Sep 20 16:31:15 optipulse-apps systemd-timesyncd[921]: Synchronized to time server 91.189.89.199:123 (ntp.ubuntu.com).
Sep 20 16:31:20 optipulse-apps kernel: [   44.832993] random: nonblocking pool is initialized
Sep 20 16:35:50 optipulse-apps /usr/lib/snapd/snapd[1340]: snapmgr.go:504: DEBUG: Next refresh scheduled for 2017-09-20 16:35:50.391969189 +0000 UTC.
Sep 20 16:35:51 optipulse-apps /usr/lib/snapd/snapd[1340]: snapmgr.go:422: No snaps to auto-refresh found
Sep 20 16:35:51 optipulse-apps snapd[1340]: 2017/09/20 16:35:51.041070 snapmgr.go:422: No snaps to auto-refresh found
Sep 20 16:40:48 optipulse-apps /usr/lib/snapd/snapd[1340]: snapmgr.go:504: DEBUG: Next refresh scheduled for 2017-09-20 22:15:54.937976795 +0000 UTC.
Sep 20 16:42:43 optipulse-apps systemd[1]: Created slice User Slice of root.
Sep 20 16:42:43 optipulse-apps systemd[1]: Started Session 1 of user root.
Sep 20 16:42:43 optipulse-apps systemd[1]: Starting User Manager for UID 0...
Sep 20 16:42:43 optipulse-apps systemd[1576]: user@0.service: Failed at step PAM spawning /lib/systemd/systemd: Operation not permitted
Sep 20 16:42:43 optipulse-apps systemd[1]: Started User Manager for UID 0.
Sep 20 16:45:55 optipulse-apps systemd[1]: Starting Cleanup of Temporary Directories...
Sep 20 16:45:55 optipulse-apps systemd-tmpfiles[1648]: [/usr/lib/tmpfiles.d/var.conf:14] Duplicate line for path "/var/log", ignoring.
Sep 20 16:45:55 optipulse-apps systemd[1]: Started Cleanup of Temporary Directories.
Sep 20 17:17:01 optipulse-apps CRON[1729]: (root) CMD (   cd / && run-parts --report /etc/cron.hourly)
Sep 20 17:38:25 optipulse-apps systemd[1]: Created slice User Slice of optipulse.
Sep 20 17:38:25 optipulse-apps systemd[1]: Starting User Manager for UID 1000...
Sep 20 17:38:25 optipulse-apps systemd[1]: Started Session 3 of user optipulse.
Sep 20 17:38:25 optipulse-apps systemd[1792]: Reached target Paths.
Sep 20 17:38:25 optipulse-apps systemd[1792]: Reached target Timers.
Sep 20 17:38:25 optipulse-apps systemd[1792]: Reached target Sockets.
Sep 20 17:38:25 optipulse-apps systemd[1792]: Reached target Basic System.
Sep 20 17:38:25 optipulse-apps systemd[1792]: Reached target Default.
Sep 20 17:38:25 optipulse-apps systemd[1792]: Startup finished in 58ms.
Sep 20 17:38:25 optipulse-apps systemd[1]: Started User Manager for UID 1000.
Sep 20 17:39:31 optipulse-apps kernel: [ 4135.147476] ip_tables: (C) 2000-2006 Netfilter Core Team
Sep 20 17:39:31 optipulse-apps kernel: [ 4135.163397] nf_conntrack version 0.5.0 (3906 buckets, 15624 max)
Sep 20 17:39:31 optipulse-apps kernel: [ 4135.197052] ip6_tables: (C) 2000-2006 Netfilter Core Team
Sep 20 17:40:02 optipulse-apps kernel: [ 4166.236925] [UFW BLOCK] IN=eth0 OUT= MAC=ba:33:63:c7:37:f2:30:7c:5e:93:1c:70:08:00 SRC=5.8.48.21 DST=138.68.57.75 LEN=40 TOS=0x08 PREC=0x00 TTL=239 ID=31365 PROTO=TCP SPT=57823 DPT=6004 WINDOW=1024 RES=0x00 SYN URGP=0 
Sep 20 17:40:45 optipulse-apps kernel: [ 4210.020057] [UFW BLOCK] IN=eth0 OUT= MAC=ba:33:63:c7:37:f2:30:7c:5e:93:1c:70:08:00 SRC=134.236.73.53 DST=138.68.57.75 LEN=40 TOS=0x00 PREC=0x00 TTL=242 ID=1224 PROTO=TCP SPT=10349 DPT=23 WINDOW=65535 RES=0x00 SYN URGP=0 
Sep 20 17:40:48 optipulse-apps kernel: [ 4212.222394] [UFW BLOCK] IN=eth0 OUT= MAC=ba:33:63:c7:37:f2:30:7c:5e:93:1c:70:08:00 SRC=17.151.1.77 DST=138.68.57.75 LEN=60 TOS=0x00 PREC=0x00 TTL=56 ID=20540 DF PROTO=TCP SPT=44008 DPT=25 WINDOW=5840 RES=0x00 SYN URGP=0 
Sep 20 17:40:49 optipulse-apps kernel: [ 4213.221503] [UFW BLOCK] IN=eth0 OUT= MAC=ba:33:63:c7:37:f2:30:7c:5e:93:1c:70:08:00 SRC=17.151.1.77 DST=138.68.57.75 LEN=60 TOS=0x00 PREC=0x00 TTL=56 ID=20541 DF PROTO=TCP SPT=44008 DPT=25 WINDOW=5840 RES=0x00 SYN URGP=0 
Sep 20 17:40:51 optipulse-apps kernel: [ 4215.221198] [UFW BLOCK] IN=eth0 OUT= MAC=ba:33:63:c7:37:f2:30:7c:5e:93:1c:70:08:00 SRC=17.151.1.77 DST=138.68.57.75 LEN=60 TOS=0x00 PREC=0x00 TTL=56 ID=20542 DF PROTO=TCP SPT=44008 DPT=25 WINDOW=5840 RES=0x00 SYN URGP=0 
Sep 20 17:40:55 optipulse-apps kernel: [ 4219.220997] [UFW BLOCK] IN=eth0 OUT= MAC=ba:33:63:c7:37:f2:30:7c:5e:93:1c:70:08:00 SRC=17.151.1.77 DST=138.68.57.75 LEN=60 TOS=0x00 PREC=0x00 TTL=56 ID=20543 DF PROTO=TCP SPT=44008 DPT=25 WINDOW=5840 RES=0x00 SYN URGP=0 
Sep 20 17:41:03 optipulse-apps kernel: [ 4227.220341] [UFW BLOCK] IN=eth0 OUT= MAC=ba:33:63:c7:37:f2:30:7c:5e:93:1c:70:08:00 SRC=17.151.1.77 DST=138.68.57.75 LEN=60 TOS=0x00 PREC=0x00 TTL=56 ID=20544 DF PROTO=TCP SPT=44008 DPT=25 WINDOW=5840 RES=0x00 SYN URGP=0 
Sep 20 17:41:19 optipulse-apps kernel: [ 4243.218858] [UFW BLOCK] IN=eth0 OUT= MAC=ba:33:63:c7:37:f2:30:7c:5e:93:1c:70:08:00 SRC=17.151.1.77 DST=138.68.57.75 LEN=60 TOS=0x00 PREC=0x00 TTL=56 ID=20545 DF PROTO=TCP SPT=44008 DPT=25 WINDOW=5840 RES=0x00 SYN URGP=0 
Sep 20 17:41:49 optipulse-apps kernel: [ 4273.254986] [UFW BLOCK] IN=eth0 OUT= MAC=ba:33:63:c7:37:f2:30:7c:5e:93:1c:70:08:00 SRC=17.111.110.64 DST=138.68.57.75 LEN=60 TOS=0x00 PREC=0x00 TTL=55 ID=5641 DF PROTO=TCP SPT=18068 DPT=25 WINDOW=5840 RES=0x00 SYN URGP=0 
Sep 20 17:41:50 optipulse-apps kernel: [ 4274.253728] [UFW BLOCK] IN=eth0 OUT= MAC=ba:33:63:c7:37:f2:30:7c:5e:93:1c:70:08:00 SRC=17.111.110.64 DST=138.68.57.75 LEN=60 TOS=0x00 PREC=0x00 TTL=55 ID=5642 DF PROTO=TCP SPT=18068 DPT=25 WINDOW=5840 RES=0x00 SYN URGP=0 
Sep 20 17:41:52 optipulse-apps kernel: [ 4276.253387] [UFW BLOCK] IN=eth0 OUT= MAC=ba:33:63:c7:37:f2:30:7c:5e:93:1c:70:08:00 SRC=17.111.110.64 DST=138.68.57.75 LEN=60 TOS=0x00 PREC=0x00 TTL=55 ID=5643 DF PROTO=TCP SPT=18068 DPT=25 WINDOW=5840 RES=0x00 SYN URGP=0 
Sep 20 17:41:56 optipulse-apps kernel: [ 4280.253200] [UFW BLOCK] IN=eth0 OUT= MAC=ba:33:63:c7:37:f2:30:7c:5e:93:1c:70:08:00 SRC=17.111.110.64 DST=138.68.57.75 LEN=60 TOS=0x00 PREC=0x00 TTL=55 ID=5644 DF PROTO=TCP SPT=18068 DPT=25 WINDOW=5840 RES=0x00 SYN URGP=0 
Sep 20 17:42:04 optipulse-apps kernel: [ 4288.252592] [UFW BLOCK] IN=eth0 OUT= MAC=ba:33:63:c7:37:f2:30:7c:5e:93:1c:70:08:00 SRC=17.111.110.64 DST=138.68.57.75 LEN=60 TOS=0x00 PREC=0x00 TTL=55 ID=5645 DF PROTO=TCP SPT=18068 DPT=25 WINDOW=5840 RES=0x00 SYN URGP=0 
Sep 20 17:42:20 optipulse-apps kernel: [ 4304.251862] [UFW BLOCK] IN=eth0 OUT= MAC=ba:33:63:c7:37:f2:30:7c:5e:93:1c:70:08:00 SRC=17.111.110.64 DST=138.68.57.75 LEN=60 TOS=0x00 PREC=0x00 TTL=55 ID=5646 DF PROTO=TCP SPT=18068 DPT=25 WINDOW=5840 RES=0x00 SYN URGP=0 
Sep 20 17:42:30 optipulse-apps kernel: [ 4314.993693] [UFW BLOCK] IN=eth0 OUT= MAC=ba:33:63:c7:37:f2:30:7c:5e:93:1c:70:08:00 SRC=17.171.37.88 DST=138.68.57.75 LEN=60 TOS=0x00 PREC=0x00 TTL=54 ID=55484 DF PROTO=TCP SPT=8642 DPT=25 WINDOW=5840 RES=0x00 SYN URGP=0 
Sep 20 17:42:31 optipulse-apps kernel: [ 4315.992541] [UFW BLOCK] IN=eth0 OUT= MAC=ba:33:63:c7:37:f2:30:7c:5e:93:1c:70:08:00 SRC=17.171.37.88 DST=138.68.57.75 LEN=60 TOS=0x00 PREC=0x00 TTL=54 ID=55485 DF PROTO=TCP SPT=8642 DPT=25 WINDOW=5840 RES=0x00 SYN URGP=0 
Sep 20 17:43:01 optipulse-apps kernel: [ 4345.992161] [UFW BLOCK] IN=eth0 OUT= MAC=ba:33:63:c7:37:f2:30:7c:5e:93:1c:70:08:00 SRC=17.171.37.88 DST=138.68.57.75 LEN=60 TOS=0x00 PREC=0x00 TTL=54 ID=55489 DF PROTO=TCP SPT=8642 DPT=25 WINDOW=5840 RES=0x00 SYN URGP=0 
Sep 20 17:43:18 optipulse-apps kernel: [ 4362.215910] [UFW BLOCK] IN=eth0 OUT= MAC=ba:33:63:c7:37:f2:30:7c:5e:93:1c:70:08:00 SRC=17.151.1.87 DST=138.68.57.75 LEN=60 TOS=0x00 PREC=0x00 TTL=56 ID=64670 DF PROTO=TCP SPT=36052 DPT=25 WINDOW=5840 RES=0x00 SYN URGP=0 
Sep 20 17:43:27 optipulse-apps kernel: [ 4371.529078] [UFW BLOCK] IN=eth0 OUT= MAC=ba:33:63:c7:37:f2:30:7c:5e:91:9c:30:08:00 SRC=17.171.37.74 DST=138.68.57.75 LEN=60 TOS=0x00 PREC=0x00 TTL=54 ID=58134 DF PROTO=TCP SPT=59384 DPT=25 WINDOW=5840 RES=0x00 SYN URGP=0 
Sep 20 17:43:49 optipulse-apps kernel: [ 4393.213144] [UFW BLOCK] IN=eth0 OUT= MAC=ba:33:63:c7:37:f2:30:7c:5e:93:1c:70:08:00 SRC=17.151.1.87 DST=138.68.57.75 LEN=60 TOS=0x00 PREC=0x00 TTL=56 ID=64675 DF PROTO=TCP SPT=36052 DPT=25 WINDOW=5840 RES=0x00 SYN URGP=0 
Sep 20 17:44:17 optipulse-apps kernel: [ 4422.005885] [UFW BLOCK] IN=eth0 OUT= MAC=ba:33:63:c7:37:f2:30:7c:5e:91:9c:30:08:00 SRC=117.68.170.155 DST=138.68.57.75 LEN=40 TOS=0x00 PREC=0x00 TTL=241 ID=63179 PROTO=TCP SPT=39124 DPT=1433 WINDOW=1024 RES=0x00 SYN URGP=0 
Sep 20 17:44:26 optipulse-apps kernel: [ 4430.259628] [UFW BLOCK] IN=eth0 OUT= MAC=ba:33:63:c7:37:f2:30:7c:5e:93:1c:70:08:00 SRC=17.151.1.89 DST=138.68.57.75 LEN=60 TOS=0x00 PREC=0x00 TTL=55 ID=18802 DF PROTO=TCP SPT=50295 DPT=25 WINDOW=5840 RES=0x00 SYN URGP=0 
Sep 20 17:44:54 optipulse-apps kernel: [ 4458.258621] [UFW BLOCK] IN=eth0 OUT= MAC=ba:33:63:c7:37:f2:30:7c:5e:93:1c:70:08:00 SRC=17.151.1.89 DST=138.68.57.75 LEN=60 TOS=0x00 PREC=0x00 TTL=55 ID=18805 DF PROTO=TCP SPT=50295 DPT=25 WINDOW=5840 RES=0x00 SYN URGP=0 
Sep 20 17:45:10 optipulse-apps kernel: [ 4474.506908] [UFW BLOCK] IN=eth0 OUT= MAC=ba:33:63:c7:37:f2:30:7c:5e:91:9c:30:08:00 SRC=17.111.110.78 DST=138.68.57.75 LEN=60 TOS=0x00 PREC=0x00 TTL=55 ID=21478 DF PROTO=TCP SPT=54180 DPT=25 WINDOW=5840 RES=0x00 SYN URGP=0 
Sep 20 17:45:26 optipulse-apps kernel: [ 4490.506702] [UFW BLOCK] IN=eth0 OUT= MAC=ba:33:63:c7:37:f2:30:7c:5e:91:9c:30:08:00 SRC=17.111.110.78 DST=138.68.57.75 LEN=60 TOS=0x00 PREC=0x00 TTL=55 ID=21479 DF PROTO=TCP SPT=54180 DPT=25 WINDOW=5840 RES=0x00 SYN URGP=0 
Sep 20 17:47:26 optipulse-apps kernel: [ 4610.220370] [UFW BLOCK] IN=eth0 OUT= MAC=ba:33:63:c7:37:f2:30:7c:5e:93:1c:70:08:00 SRC=17.171.37.85 DST=138.68.57.75 LEN=60 TOS=0x00 PREC=0x00 TTL=54 ID=16509 DF PROTO=TCP SPT=12289 DPT=25 WINDOW=5840 RES=0x00 SYN URGP=0 
Sep 20 17:47:27 optipulse-apps kernel: [ 4611.218596] [UFW BLOCK] IN=eth0 OUT= MAC=ba:33:63:c7:37:f2:30:7c:5e:93:1c:70:08:00 SRC=17.171.37.85 DST=138.68.57.75 LEN=60 TOS=0x00 PREC=0x00 TTL=54 ID=16510 DF PROTO=TCP SPT=12289 DPT=25 WINDOW=5840 RES=0x00 SYN URGP=0 
Sep 20 17:47:29 optipulse-apps kernel: [ 4613.218453] [UFW BLOCK] IN=eth0 OUT= MAC=ba:33:63:c7:37:f2:30:7c:5e:93:1c:70:08:00 SRC=17.171.37.85 DST=138.68.57.75 LEN=60 TOS=0x00 PREC=0x00 TTL=54 ID=16511 DF PROTO=TCP SPT=12289 DPT=25 WINDOW=5840 RES=0x00 SYN URGP=0 
Sep 20 17:47:33 optipulse-apps kernel: [ 4617.218342] [UFW BLOCK] IN=eth0 OUT= MAC=ba:33:63:c7:37:f2:30:7c:5e:93:1c:70:08:00 SRC=17.171.37.85 DST=138.68.57.75 LEN=60 TOS=0x00 PREC=0x00 TTL=54 ID=16512 DF PROTO=TCP SPT=12289 DPT=25 WINDOW=5840 RES=0x00 SYN URGP=0 
Sep 20 17:47:41 optipulse-apps kernel: [ 4625.218027] [UFW BLOCK] IN=eth0 OUT= MAC=ba:33:63:c7:37:f2:30:7c:5e:93:1c:70:08:00 SRC=17.171.37.85 DST=138.68.57.75 LEN=60 TOS=0x00 PREC=0x00 TTL=54 ID=16513 DF PROTO=TCP SPT=12289 DPT=25 WINDOW=5840 RES=0x00 SYN URGP=0 
Sep 20 17:47:57 optipulse-apps kernel: [ 4641.218312] [UFW BLOCK] IN=eth0 OUT= MAC=ba:33:63:c7:37:f2:30:7c:5e:93:1c:70:08:00 SRC=17.171.37.85 DST=138.68.57.75 LEN=60 TOS=0x00 PREC=0x00 TTL=54 ID=16514 DF PROTO=TCP SPT=12289 DPT=25 WINDOW=5840 RES=0x00 SYN URGP=0 
Sep 20 17:48:45 optipulse-apps kernel: [ 4689.625983] [UFW BLOCK] IN=eth0 OUT= MAC=ba:33:63:c7:37:f2:30:7c:5e:91:9c:30:08:00 SRC=17.171.37.88 DST=138.68.57.75 LEN=60 TOS=0x00 PREC=0x00 TTL=53 ID=56965 DF PROTO=TCP SPT=24411 DPT=25 WINDOW=5840 RES=0x00 SYN URGP=0 
Sep 20 17:48:46 optipulse-apps kernel: [ 4690.624643] [UFW BLOCK] IN=eth0 OUT= MAC=ba:33:63:c7:37:f2:30:7c:5e:91:9c:30:08:00 SRC=17.171.37.88 DST=138.68.57.75 LEN=60 TOS=0x00 PREC=0x00 TTL=53 ID=56966 DF PROTO=TCP SPT=24411 DPT=25 WINDOW=5840 RES=0x00 SYN URGP=0 
Sep 20 17:48:48 optipulse-apps kernel: [ 4692.624456] [UFW BLOCK] IN=eth0 OUT= MAC=ba:33:63:c7:37:f2:30:7c:5e:91:9c:30:08:00 SRC=17.171.37.88 DST=138.68.57.75 LEN=60 TOS=0x00 PREC=0x00 TTL=53 ID=56967 DF PROTO=TCP SPT=24411 DPT=25 WINDOW=5840 RES=0x00 SYN URGP=0 
Sep 20 17:48:52 optipulse-apps kernel: [ 4696.624609] [UFW BLOCK] IN=eth0 OUT= MAC=ba:33:63:c7:37:f2:30:7c:5e:91:9c:30:08:00 SRC=17.171.37.88 DST=138.68.57.75 LEN=60 TOS=0x00 PREC=0x00 TTL=53 ID=56968 DF PROTO=TCP SPT=24411 DPT=25 WINDOW=5840 RES=0x00 SYN URGP=0 
Sep 20 17:49:16 optipulse-apps kernel: [ 4720.624500] [UFW BLOCK] IN=eth0 OUT= MAC=ba:33:63:c7:37:f2:30:7c:5e:91:9c:30:08:00 SRC=17.171.37.88 DST=138.68.57.75 LEN=60 TOS=0x00 PREC=0x00 TTL=53 ID=56970 DF PROTO=TCP SPT=24411 DPT=25 WINDOW=5840 RES=0x00 SYN URGP=0 
Sep 20 17:49:28 optipulse-apps kernel: [ 4732.113013] [UFW BLOCK] IN=eth0 OUT= MAC=ba:33:63:c7:37:f2:30:7c:5e:91:9c:30:08:00 SRC=17.151.1.87 DST=138.68.57.75 LEN=60 TOS=0x00 PREC=0x00 TTL=55 ID=62704 DF PROTO=TCP SPT=42835 DPT=25 WINDOW=5840 RES=0x00 SYN URGP=0 
Sep 20 17:49:52 optipulse-apps kernel: [ 4756.876821] [UFW BLOCK] IN=eth0 OUT= MAC=ba:33:63:c7:37:f2:30:7c:5e:93:1c:70:08:00 SRC=17.171.37.22 DST=138.68.57.75 LEN=60 TOS=0x00 PREC=0x00 TTL=53 ID=12375 DF PROTO=TCP SPT=60339 DPT=25 WINDOW=5840 RES=0x00 SYN URGP=0 
Sep 20 17:50:08 optipulse-apps kernel: [ 4772.877100] [UFW BLOCK] IN=eth0 OUT= MAC=ba:33:63:c7:37:f2:30:7c:5e:93:1c:70:08:00 SRC=17.171.37.22 DST=138.68.57.75 LEN=60 TOS=0x00 PREC=0x00 TTL=53 ID=12376 DF PROTO=TCP SPT=60339 DPT=25 WINDOW=5840 RES=0x00 SYN URGP=0 
Sep 20 17:51:25 optipulse-apps kernel: [ 4849.967839] [UFW BLOCK] IN=eth0 OUT= MAC=ba:33:63:c7:37:f2:30:7c:5e:93:1c:70:08:00 SRC=199.38.243.20 DST=138.68.57.75 LEN=40 TOS=0x00 PREC=0x00 TTL=247 ID=51592 PROTO=TCP SPT=48516 DPT=25000 WINDOW=1024 RES=0x00 SYN URGP=0 
Sep 20 17:51:26 optipulse-apps kernel: [ 4850.264089] [UFW BLOCK] IN=eth0 OUT= MAC=ba:33:63:c7:37:f2:30:7c:5e:93:1c:70:08:00 SRC=17.151.1.54 DST=138.68.57.75 LEN=60 TOS=0x00 PREC=0x00 TTL=56 ID=24679 DF PROTO=TCP SPT=57758 DPT=25 WINDOW=5840 RES=0x00 SYN URGP=0 
Sep 20 17:51:27 optipulse-apps kernel: [ 4851.263425] [UFW BLOCK] IN=eth0 OUT= MAC=ba:33:63:c7:37:f2:30:7c:5e:93:1c:70:08:00 SRC=17.151.1.54 DST=138.68.57.75 LEN=60 TOS=0x00 PREC=0x00 TTL=56 ID=24680 DF PROTO=TCP SPT=57758 DPT=25 WINDOW=5840 RES=0x00 SYN URGP=0 
Sep 20 17:51:29 optipulse-apps kernel: [ 4853.262960] [UFW BLOCK] IN=eth0 OUT= MAC=ba:33:63:c7:37:f2:30:7c:5e:93:1c:70:08:00 SRC=17.151.1.54 DST=138.68.57.75 LEN=60 TOS=0x00 PREC=0x00 TTL=56 ID=24681 DF PROTO=TCP SPT=57758 DPT=25 WINDOW=5840 RES=0x00 SYN URGP=0 
Sep 20 17:51:51 optipulse-apps kernel: [ 4875.962410] [UFW BLOCK] IN=eth0 OUT= MAC=ba:33:63:c7:37:f2:30:7c:5e:93:1c:70:08:00 SRC=119.147.194.220 DST=138.68.57.75 LEN=60 TOS=0x00 PREC=0x00 TTL=52 ID=5060 DF PROTO=TCP SPT=46710 DPT=25 WINDOW=5840 RES=0x00 SYN URGP=0 
Sep 20 17:52:15 optipulse-apps kernel: [ 4899.962954] [UFW BLOCK] IN=eth0 OUT= MAC=ba:33:63:c7:37:f2:30:7c:5e:93:1c:70:08:00 SRC=119.147.194.220 DST=138.68.57.75 LEN=60 TOS=0x00 PREC=0x00 TTL=52 ID=5061 DF PROTO=TCP SPT=46710 DPT=25 WINDOW=5840 RES=0x00 SYN URGP=0 
Sep 20 17:53:28 optipulse-apps kernel: [ 4972.094468] [UFW BLOCK] IN=eth0 OUT= MAC=ba:33:63:c7:37:f2:30:7c:5e:91:9c:30:08:00 SRC=17.151.1.92 DST=138.68.57.75 LEN=60 TOS=0x00 PREC=0x00 TTL=55 ID=56272 DF PROTO=TCP SPT=49729 DPT=25 WINDOW=5840 RES=0x00 SYN URGP=0 
Sep 20 17:53:29 optipulse-apps kernel: [ 4973.093178] [UFW BLOCK] IN=eth0 OUT= MAC=ba:33:63:c7:37:f2:30:7c:5e:91:9c:30:08:00 SRC=17.151.1.92 DST=138.68.57.75 LEN=60 TOS=0x00 PREC=0x00 TTL=55 ID=56273 DF PROTO=TCP SPT=49729 DPT=25 WINDOW=5840 RES=0x00 SYN URGP=0 
Sep 20 17:53:31 optipulse-apps kernel: [ 4975.093101] [UFW BLOCK] IN=eth0 OUT= MAC=ba:33:63:c7:37:f2:30:7c:5e:91:9c:30:08:00 SRC=17.151.1.92 DST=138.68.57.75 LEN=60 TOS=0x00 PREC=0x00 TTL=55 ID=56274 DF PROTO=TCP SPT=49729 DPT=25 WINDOW=5840 RES=0x00 SYN URGP=0 
Sep 20 17:53:35 optipulse-apps kernel: [ 4979.093071] [UFW BLOCK] IN=eth0 OUT= MAC=ba:33:63:c7:37:f2:30:7c:5e:91:9c:30:08:00 SRC=17.151.1.92 DST=138.68.57.75 LEN=60 TOS=0x00 PREC=0x00 TTL=55 ID=56275 DF PROTO=TCP SPT=49729 DPT=25 WINDOW=5840 RES=0x00 SYN URGP=0 
Sep 20 17:53:59 optipulse-apps kernel: [ 5003.093012] [UFW BLOCK] IN=eth0 OUT= MAC=ba:33:63:c7:37:f2:30:7c:5e:91:9c:30:08:00 SRC=17.151.1.92 DST=138.68.57.75 LEN=60 TOS=0x00 PREC=0x00 TTL=55 ID=56277 DF PROTO=TCP SPT=49729 DPT=25 WINDOW=5840 RES=0x00 SYN URGP=0 
Sep 20 17:54:26 optipulse-apps kernel: [ 5030.306468] [UFW BLOCK] IN=eth0 OUT= MAC=ba:33:63:c7:37:f2:30:7c:5e:93:1c:70:08:00 SRC=17.171.37.83 DST=138.68.57.75 LEN=60 TOS=0x00 PREC=0x00 TTL=53 ID=19714 DF PROTO=TCP SPT=13166 DPT=25 WINDOW=5840 RES=0x00 SYN URGP=0 
Sep 20 17:54:27 optipulse-apps kernel: [ 5031.305789] [UFW BLOCK] IN=eth0 OUT= MAC=ba:33:63:c7:37:f2:30:7c:5e:93:1c:70:08:00 SRC=17.171.37.83 DST=138.68.57.75 LEN=60 TOS=0x00 PREC=0x00 TTL=53 ID=19715 DF PROTO=TCP SPT=13166 DPT=25 WINDOW=5840 RES=0x00 SYN URGP=0 
Sep 20 17:54:46 optipulse-apps kernel: [ 5050.325889] [UFW BLOCK] IN=eth0 OUT= MAC=ba:33:63:c7:37:f2:30:7c:5e:93:1c:70:08:00 SRC=17.151.1.69 DST=138.68.57.75 LEN=60 TOS=0x00 PREC=0x00 TTL=56 ID=50309 DF PROTO=TCP SPT=57486 DPT=25 WINDOW=5840 RES=0x00 SYN URGP=0 
Sep 20 17:55:15 optipulse-apps kernel: [ 5079.087349] [UFW BLOCK] IN=eth0 OUT= MAC=ba:33:63:c7:37:f2:30:7c:5e:93:1c:70:08:00 SRC=88.248.55.59 DST=138.68.57.75 LEN=40 TOS=0x00 PREC=0x00 TTL=237 ID=48202 PROTO=TCP SPT=56122 DPT=23 WINDOW=14600 RES=0x00 SYN URGP=0 
Sep 20 17:56:35 optipulse-apps kernel: [ 5159.361732] [UFW BLOCK] IN=eth0 OUT= MAC=ba:33:63:c7:37:f2:30:7c:5e:93:1c:70:08:00 SRC=5.188.86.20 DST=138.68.57.75 LEN=40 TOS=0x00 PREC=0x00 TTL=247 ID=62230 PROTO=TCP SPT=43096 DPT=3418 WINDOW=1024 RES=0x00 SYN URGP=0 
Sep 20 17:57:25 optipulse-apps kernel: [ 5209.780146] [UFW BLOCK] IN=eth0 OUT= MAC=ba:33:63:c7:37:f2:30:7c:5e:93:1c:70:08:00 SRC=183.60.61.207 DST=138.68.57.75 LEN=60 TOS=0x00 PREC=0x00 TTL=51 ID=45228 DF PROTO=TCP SPT=39514 DPT=25 WINDOW=5840 RES=0x00 SYN URGP=0 
Sep 20 17:57:26 optipulse-apps kernel: [ 5210.259314] [UFW BLOCK] IN=eth0 OUT= MAC=ba:33:63:c7:37:f2:30:7c:5e:93:1c:70:08:00 SRC=17.151.1.54 DST=138.68.57.75 LEN=60 TOS=0x00 PREC=0x00 TTL=56 ID=58767 DF PROTO=TCP SPT=49621 DPT=25 WINDOW=5840 RES=0x00 SYN URGP=0 
Sep 20 17:57:27 optipulse-apps kernel: [ 5211.258489] [UFW BLOCK] IN=eth0 OUT= MAC=ba:33:63:c7:37:f2:30:7c:5e:93:1c:70:08:00 SRC=17.151.1.54 DST=138.68.57.75 LEN=60 TOS=0x00 PREC=0x00 TTL=56 ID=58768 DF PROTO=TCP SPT=49621 DPT=25 WINDOW=5840 RES=0x00 SYN URGP=0 
Sep 20 17:57:28 optipulse-apps kernel: [ 5212.779357] [UFW BLOCK] IN=eth0 OUT= MAC=ba:33:63:c7:37:f2:30:7c:5e:93:1c:70:08:00 SRC=183.60.61.207 DST=138.68.57.75 LEN=60 TOS=0x00 PREC=0x00 TTL=51 ID=45229 DF PROTO=TCP SPT=39514 DPT=25 WINDOW=5840 RES=0x00 SYN URGP=0 
Sep 20 17:57:29 optipulse-apps kernel: [ 5213.258746] [UFW BLOCK] IN=eth0 OUT= MAC=ba:33:63:c7:37:f2:30:7c:5e:93:1c:70:08:00 SRC=17.151.1.54 DST=138.68.57.75 LEN=60 TOS=0x00 PREC=0x00 TTL=56 ID=58769 DF PROTO=TCP SPT=49621 DPT=25 WINDOW=5840 RES=0x00 SYN URGP=0 
Sep 20 17:57:33 optipulse-apps kernel: [ 5217.258547] [UFW BLOCK] IN=eth0 OUT= MAC=ba:33:63:c7:37:f2:30:7c:5e:93:1c:70:08:00 SRC=17.151.1.54 DST=138.68.57.75 LEN=60 TOS=0x00 PREC=0x00 TTL=56 ID=58770 DF PROTO=TCP SPT=49621 DPT=25 WINDOW=5840 RES=0x00 SYN URGP=0 
Sep 20 17:57:46 optipulse-apps kernel: [ 5230.779302] [UFW BLOCK] IN=eth0 OUT= MAC=ba:33:63:c7:37:f2:30:7c:5e:93:1c:70:08:00 SRC=183.60.61.207 DST=138.68.57.75 LEN=60 TOS=0x00 PREC=0x00 TTL=51 ID=45231 DF PROTO=TCP SPT=39514 DPT=25 WINDOW=5840 RES=0x00 SYN URGP=0 
Sep 20 17:58:10 optipulse-apps kernel: [ 5254.781148] [UFW BLOCK] IN=eth0 OUT= MAC=ba:33:63:c7:37:f2:30:7c:5e:93:1c:70:08:00 SRC=183.60.61.207 DST=138.68.57.75 LEN=60 TOS=0x00 PREC=0x00 TTL=51 ID=45232 DF PROTO=TCP SPT=39514 DPT=25 WINDOW=5840 RES=0x00 SYN URGP=0 
Sep 20 17:59:16 optipulse-apps kernel: [ 5320.993657] [UFW BLOCK] IN=eth0 OUT= MAC=ba:33:63:c7:37:f2:30:7c:5e:93:1c:70:08:00 SRC=52.187.6.175 DST=138.68.57.75 LEN=40 TOS=0x00 PREC=0x00 TTL=241 ID=37674 PROTO=TCP SPT=54899 DPT=1223 WINDOW=1024 RES=0x00 SYN URGP=0 
Sep 20 17:59:34 optipulse-apps kernel: [ 5338.840756] [UFW BLOCK] IN=eth0 OUT= MAC=ba:33:63:c7:37:f2:30:7c:5e:91:9c:30:08:00 SRC=101.236.40.200 DST=138.68.57.75 LEN=40 TOS=0x00 PREC=0x00 TTL=240 ID=54321 PROTO=TCP SPT=53738 DPT=80 WINDOW=65535 RES=0x00 SYN URGP=0 
Sep 20 17:59:45 optipulse-apps kernel: [ 5349.617128] [UFW BLOCK] IN=eth0 OUT= MAC=ba:33:63:c7:37:f2:30:7c:5e:91:9c:30:08:00 SRC=17.171.37.88 DST=138.68.57.75 LEN=60 TOS=0x00 PREC=0x00 TTL=53 ID=38988 DF PROTO=TCP SPT=15976 DPT=25 WINDOW=5840 RES=0x00 SYN URGP=0 
Sep 20 17:59:46 optipulse-apps kernel: [ 5350.615355] [UFW BLOCK] IN=eth0 OUT= MAC=ba:33:63:c7:37:f2:30:7c:5e:91:9c:30:08:00 SRC=17.171.37.88 DST=138.68.57.75 LEN=60 TOS=0x00 PREC=0x00 TTL=53 ID=38989 DF PROTO=TCP SPT=15976 DPT=25 WINDOW=5840 RES=0x00 SYN URGP=0 
Sep 20 17:59:48 optipulse-apps kernel: [ 5352.615372] [UFW BLOCK] IN=eth0 OUT= MAC=ba:33:63:c7:37:f2:30:7c:5e:91:9c:30:08:00 SRC=17.171.37.88 DST=138.68.57.75 LEN=60 TOS=0x00 PREC=0x00 TTL=53 ID=38990 DF PROTO=TCP SPT=15976 DPT=25 WINDOW=5840 RES=0x00 SYN URGP=0 
Sep 20 18:00:16 optipulse-apps kernel: [ 5380.615940] [UFW BLOCK] IN=eth0 OUT= MAC=ba:33:63:c7:37:f2:30:7c:5e:91:9c:30:08:00 SRC=17.171.37.88 DST=138.68.57.75 LEN=60 TOS=0x00 PREC=0x00 TTL=53 ID=38993 DF PROTO=TCP SPT=15976 DPT=25 WINDOW=5840 RES=0x00 SYN URGP=0 
Sep 20 18:00:28 optipulse-apps kernel: [ 5392.105193] [UFW BLOCK] IN=eth0 OUT= MAC=ba:33:63:c7:37:f2:30:7c:5e:91:9c:30:08:00 SRC=17.151.1.87 DST=138.68.57.75 LEN=60 TOS=0x00 PREC=0x00 TTL=55 ID=44364 DF PROTO=TCP SPT=52524 DPT=25 WINDOW=5840 RES=0x00 SYN URGP=0 
